Archive member included to satisfy reference by file (symbol)

./mbed/e1686b8d5b90/TARGET_NUCLEO_F411RE/TOOLCHAIN_GCC_ARM/libmbed.a(FilePath.o)
                              ./mbed/e1686b8d5b90/TARGET_NUCLEO_F411RE/TOOLCHAIN_GCC_ARM/retarget.o (mbed::FilePath::FilePath(char const*))
./mbed/e1686b8d5b90/TARGET_NUCLEO_F411RE/TOOLCHAIN_GCC_ARM/libmbed.a(FileSystemLike.o)
                              ./mbed/e1686b8d5b90/TARGET_NUCLEO_F411RE/TOOLCHAIN_GCC_ARM/retarget.o (mbed::FileSystemLike::opendir())
./mbed/e1686b8d5b90/TARGET_NUCLEO_F411RE/TOOLCHAIN_GCC_ARM/libmbed.a(I2C.o)
                              ./BUILD/NUCLEO_F411RE/GCC_ARM/X_NUCLEO_IKS01A2/XNucleoIKS01A2.o (mbed::I2C::I2C(PinName, PinName))
./mbed/e1686b8d5b90/TARGET_NUCLEO_F411RE/TOOLCHAIN_GCC_ARM/libmbed.a(InterruptIn.o)
                              ./BUILD/NUCLEO_F411RE/GCC_ARM/QEI/QEI.o (mbed::InterruptIn::read())
./mbed/e1686b8d5b90/TARGET_NUCLEO_F411RE/TOOLCHAIN_GCC_ARM/libmbed.a(RawSerial.o)
                              ./BUILD/NUCLEO_F411RE/GCC_ARM/ros_lib_kinetic/BufferedSerial/BufferedSerial.o (mbed::RawSerial::lock())
./mbed/e1686b8d5b90/TARGET_NUCLEO_F411RE/TOOLCHAIN_GCC_ARM/libmbed.a(SerialBase.o)
                              ./BUILD/NUCLEO_F411RE/GCC_ARM/./main.o (mbed::SerialBase::baud(int))
./mbed/e1686b8d5b90/TARGET_NUCLEO_F411RE/TOOLCHAIN_GCC_ARM/libmbed.a(Timer.o)
                              ./BUILD/NUCLEO_F411RE/GCC_ARM/./main.o (mbed::Timer::start())
./mbed/e1686b8d5b90/TARGET_NUCLEO_F411RE/TOOLCHAIN_GCC_ARM/libmbed.a(mbed_lp_ticker_api.o)
                              ./mbed/e1686b8d5b90/TARGET_NUCLEO_F411RE/TOOLCHAIN_GCC_ARM/lp_ticker.o (lp_ticker_irq_handler)
./mbed/e1686b8d5b90/TARGET_NUCLEO_F411RE/TOOLCHAIN_GCC_ARM/libmbed.a(mbed_gpio.o)
                              ./BUILD/NUCLEO_F411RE/GCC_ARM/./main.o (gpio_init_in)
./mbed/e1686b8d5b90/TARGET_NUCLEO_F411RE/TOOLCHAIN_GCC_ARM/libmbed.a(mbed_us_ticker_api.o)
                              ./mbed/e1686b8d5b90/TARGET_NUCLEO_F411RE/TOOLCHAIN_GCC_ARM/libmbed.a(Timer.o) (get_us_ticker_data)
./mbed/e1686b8d5b90/TARGET_NUCLEO_F411RE/TOOLCHAIN_GCC_ARM/libmbed.a(mbed_pinmap_common.o)
                              ./mbed/e1686b8d5b90/TARGET_NUCLEO_F411RE/TOOLCHAIN_GCC_ARM/analogin_api.o (pinmap_pinout)
./mbed/e1686b8d5b90/TARGET_NUCLEO_F411RE/TOOLCHAIN_GCC_ARM/libmbed.a(mbed_ticker_api.o)
                              ./mbed/e1686b8d5b90/TARGET_NUCLEO_F411RE/TOOLCHAIN_GCC_ARM/libmbed.a(mbed_lp_ticker_api.o) (ticker_irq_handler)
./mbed/e1686b8d5b90/TARGET_NUCLEO_F411RE/TOOLCHAIN_GCC_ARM/libmbed.a(mbed_assert.o)
                              ./BUILD/NUCLEO_F411RE/GCC_ARM/X_NUCLEO_IHM04A1/Components/L6206/L6206.o (mbed_assert_internal)
./mbed/e1686b8d5b90/TARGET_NUCLEO_F411RE/TOOLCHAIN_GCC_ARM/libmbed.a(mbed_error.o)
                              ./BUILD/NUCLEO_F411RE/GCC_ARM/ros_lib_kinetic/BufferedSerial/BufferedSerial.o (error)
./mbed/e1686b8d5b90/TARGET_NUCLEO_F411RE/TOOLCHAIN_GCC_ARM/libmbed.a(mbed_critical.o)
                              ./BUILD/NUCLEO_F411RE/GCC_ARM/./main.o (core_util_critical_section_enter)
./mbed/e1686b8d5b90/TARGET_NUCLEO_F411RE/TOOLCHAIN_GCC_ARM/libmbed.a(mbed_wait_api_no_rtos.o)
                              ./mbed/e1686b8d5b90/TARGET_NUCLEO_F411RE/TOOLCHAIN_GCC_ARM/i2c_api.o (wait_us)
./mbed/e1686b8d5b90/TARGET_NUCLEO_F411RE/TOOLCHAIN_GCC_ARM/libmbed.a(FileBase.o)
                              ./mbed/e1686b8d5b90/TARGET_NUCLEO_F411RE/TOOLCHAIN_GCC_ARM/libmbed.a(FileSystemLike.o) (mbed::FileBase::getName())
/home/inaki/Downloads/adamgreen-gcc4mbed-7d79ef3/gcc-arm-none-eabi/bin/../lib/gcc/arm-none-eabi/6.3.1/../../../../arm-none-eabi/lib/thumb/v7e-m/fpv4-sp/softfp/libm.a(lib_a-s_cos.o)
                              ./BUILD/NUCLEO_F411RE/GCC_ARM/./main.o (cos)
/home/inaki/Downloads/adamgreen-gcc4mbed-7d79ef3/gcc-arm-none-eabi/bin/../lib/gcc/arm-none-eabi/6.3.1/../../../../arm-none-eabi/lib/thumb/v7e-m/fpv4-sp/softfp/libm.a(lib_a-s_sin.o)
                              ./BUILD/NUCLEO_F411RE/GCC_ARM/./main.o (sin)
/home/inaki/Downloads/adamgreen-gcc4mbed-7d79ef3/gcc-arm-none-eabi/bin/../lib/gcc/arm-none-eabi/6.3.1/../../../../arm-none-eabi/lib/thumb/v7e-m/fpv4-sp/softfp/libm.a(lib_a-e_rem_pio2.o)
                              /home/inaki/Downloads/adamgreen-gcc4mbed-7d79ef3/gcc-arm-none-eabi/bin/../lib/gcc/arm-none-eabi/6.3.1/../../../../arm-none-eabi/lib/thumb/v7e-m/fpv4-sp/softfp/libm.a(lib_a-s_cos.o) (__ieee754_rem_pio2)
/home/inaki/Downloads/adamgreen-gcc4mbed-7d79ef3/gcc-arm-none-eabi/bin/../lib/gcc/arm-none-eabi/6.3.1/../../../../arm-none-eabi/lib/thumb/v7e-m/fpv4-sp/softfp/libm.a(lib_a-k_cos.o)
                              /home/inaki/Downloads/adamgreen-gcc4mbed-7d79ef3/gcc-arm-none-eabi/bin/../lib/gcc/arm-none-eabi/6.3.1/../../../../arm-none-eabi/lib/thumb/v7e-m/fpv4-sp/softfp/libm.a(lib_a-s_cos.o) (__kernel_cos)
[...]
Memory Configuration

Name             Origin             Length             Attributes
FLASH            0x0000000008000000 0x0000000000080000 xr
RAM              0x0000000020000198 0x000000000001fe68 xrw
*default*        0x0000000000000000 0xffffffffffffffff

Linker script and memory map

LOAD /home/inaki/Downloads/adamgreen-gcc4mbed-7d79ef3/gcc-arm-none-eabi/bin/../lib/gcc/arm-none-eabi/6.3.1/thumb/v7e-m/fpv4-sp/softfp/crti.o
LOAD /home/inaki/Downloads/adamgreen-gcc4mbed-7d79ef3/gcc-arm-none-eabi/bin/../lib/gcc/arm-none-eabi/6.3.1/thumb/v7e-m/fpv4-sp/softfp/crtbegin.o
LOAD /home/inaki/Downloads/adamgreen-gcc4mbed-7d79ef3/gcc-arm-none-eabi/bin/../lib/gcc/arm-none-eabi/6.3.1/../../../../arm-none-eabi/lib/thumb/v7e-m/fpv4-sp/softfp/crt0.o
LOAD ./BUILD/NUCLEO_F411RE/GCC_ARM/./main.o
LOAD ./BUILD/NUCLEO_F411RE/GCC_ARM/QEI/QEI.o
LOAD ./BUILD/NUCLEO_F411RE/GCC_ARM/X_NUCLEO_IHM04A1/Components/L6206/L6206.o
LOAD ./BUILD/NUCLEO_F411RE/GCC_ARM/X_NUCLEO_IKS01A2/Components/HTS221/HTS221Sensor.o
LOAD ./BUILD/NUCLEO_F411RE/GCC_ARM/X_NUCLEO_IKS01A2/Components/HTS221/HTS221_driver.o
LOAD ./BUILD/NUCLEO_F411RE/GCC_ARM/X_NUCLEO_IKS01A2/Components/LPS22HB/LPS22HBSensor.o
LOAD ./BUILD/NUCLEO_F411RE/GCC_ARM/X_NUCLEO_IKS01A2/Components/LPS22HB/LPS22HB_driver.o
LOAD ./BUILD/NUCLEO_F411RE/GCC_ARM/X_NUCLEO_IKS01A2/Components/LSM303AGR/LSM303AGRAccSensor.o
LOAD ./BUILD/NUCLEO_F411RE/GCC_ARM/X_NUCLEO_IKS01A2/Components/LSM303AGR/LSM303AGRMagSensor.o
LOAD ./BUILD/NUCLEO_F411RE/GCC_ARM/X_NUCLEO_IKS01A2/Components/LSM303AGR/LSM303AGR_acc_driver.o
LOAD ./BUILD/NUCLEO_F411RE/GCC_ARM/X_NUCLEO_IKS01A2/Components/LSM303AGR/LSM303AGR_mag_driver.o
LOAD ./BUILD/NUCLEO_F411RE/GCC_ARM/X_NUCLEO_IKS01A2/Components/LSM6DSL/LSM6DSLSensor.o
LOAD ./BUILD/NUCLEO_F411RE/GCC_ARM/X_NUCLEO_IKS01A2/Components/LSM6DSL/LSM6DSL_acc_gyro_driver.o
LOAD ./BUILD/NUCLEO_F411RE/GCC_ARM/X_NUCLEO_IKS01A2/XNucleoIKS01A2.o
LOAD ./BUILD/NUCLEO_F411RE/GCC_ARM/ros_lib_kinetic/BufferedSerial/Buffer/MyBuffer.o
LOAD ./BUILD/NUCLEO_F411RE/GCC_ARM/ros_lib_kinetic/BufferedSerial/BufferedSerial.o
LOAD ./BUILD/NUCLEO_F411RE/GCC_ARM/ros_lib_kinetic/duration.o
LOAD ./BUILD/NUCLEO_F411RE/GCC_ARM/ros_lib_kinetic/time.o
LOAD ./mbed/e1686b8d5b90/TARGET_NUCLEO_F411RE/TOOLCHAIN_GCC_ARM/PeripheralPins.o
LOAD ./mbed/e1686b8d5b90/TARGET_NUCLEO_F411RE/TOOLCHAIN_GCC_ARM/analogin_api.o
LOAD ./mbed/e1686b8d5b90/TARGET_NUCLEO_F411RE/TOOLCHAIN_GCC_ARM/analogout_api.o
LOAD ./mbed/e1686b8d5b90/TARGET_NUCLEO_F411RE/TOOLCHAIN_GCC_ARM/can_api.o
LOAD ./mbed/e1686b8d5b90/TARGET_NUCLEO_F411RE/TOOLCHAIN_GCC_ARM/cmsis_nvic.o
LOAD ./mbed/e1686b8d5b90/TARGET_NUCLEO_F411RE/TOOLCHAIN_GCC_ARM/gpio_api.o
LOAD ./mbed/e1686b8d5b90/TARGET_NUCLEO_F411RE/TOOLCHAIN_GCC_ARM/gpio_irq_api.o
LOAD ./mbed/e1686b8d5b90/TARGET_NUCLEO_F411RE/TOOLCHAIN_GCC_ARM/hal_init_pre.o
LOAD ./mbed/e1686b8d5b90/TARGET_NUCLEO_F411RE/TOOLCHAIN_GCC_ARM/hal_tick_16b.o
LOAD ./mbed/e1686b8d5b90/TARGET_NUCLEO_F411RE/TOOLCHAIN_GCC_ARM/hal_tick_32b.o
LOAD ./mbed/e1686b8d5b90/TARGET_NUCLEO_F411RE/TOOLCHAIN_GCC_ARM/i2c_api.o
LOAD ./mbed/e1686b8d5b90/TARGET_NUCLEO_F411RE/TOOLCHAIN_GCC_ARM/lp_ticker.o
LOAD ./mbed/e1686b8d5b90/TARGET_NUCLEO_F411RE/TOOLCHAIN_GCC_ARM/mbed_board.o
LOAD ./mbed/e1686b8d5b90/TARGET_NUCLEO_F411RE/TOOLCHAIN_GCC_ARM/mbed_overrides.o
LOAD ./mbed/e1686b8d5b90/TARGET_NUCLEO_F411RE/TOOLCHAIN_GCC_ARM/pinmap.o
LOAD ./mbed/e1686b8d5b90/TARGET_NUCLEO_F411RE/TOOLCHAIN_GCC_ARM/port_api.o
LOAD ./mbed/e1686b8d5b90/TARGET_NUCLEO_F411RE/TOOLCHAIN_GCC_ARM/pwmout_api.o
LOAD ./mbed/e1686b8d5b90/TARGET_NUCLEO_F411RE/TOOLCHAIN_GCC_ARM/retarget.o
LOAD ./mbed/e1686b8d5b90/TARGET_NUCLEO_F411RE/TOOLCHAIN_GCC_ARM/rtc_api.o
LOAD ./mbed/e1686b8d5b90/TARGET_NUCLEO_F411RE/TOOLCHAIN_GCC_ARM/serial_api.o
LOAD ./mbed/e1686b8d5b90/TARGET_NUCLEO_F411RE/TOOLCHAIN_GCC_ARM/sleep.o
LOAD ./mbed/e1686b8d5b90/TARGET_NUCLEO_F411RE/TOOLCHAIN_GCC_ARM/spi_api.o
LOAD ./mbed/e1686b8d5b90/TARGET_NUCLEO_F411RE/TOOLCHAIN_GCC_ARM/startup_stm32f411xe.o
LOAD ./mbed/e1686b8d5b90/TARGET_NUCLEO_F411RE/TOOLCHAIN_GCC_ARM/stm32f4xx_hal.o
LOAD ./mbed/e1686b8d5b90/TARGET_NUCLEO_F411RE/TOOLCHAIN_GCC_ARM/stm32f4xx_hal_adc.o
LOAD ./mbed/e1686b8d5b90/TARGET_NUCLEO_F411RE/TOOLCHAIN_GCC_ARM/stm32f4xx_hal_adc_ex.o
LOAD ./mbed/e1686b8d5b90/TARGET_NUCLEO_F411RE/TOOLCHAIN_GCC_ARM/stm32f4xx_hal_can.o
LOAD ./mbed/e1686b8d5b90/TARGET_NUCLEO_F411RE/TOOLCHAIN_GCC_ARM/stm32f4xx_hal_cec.o
LOAD ./mbed/e1686b8d5b90/TARGET_NUCLEO_F411RE/TOOLCHAIN_GCC_ARM/stm32f4xx_hal_cortex.o
LOAD ./mbed/e1686b8d5b90/TARGET_NUCLEO_F411RE/TOOLCHAIN_GCC_ARM/stm32f4xx_hal_crc.o
LOAD ./mbed/e1686b8d5b90/TARGET_NUCLEO_F411RE/TOOLCHAIN_GCC_ARM/stm32f4xx_hal_cryp.o
LOAD ./mbed/e1686b8d5b90/TARGET_NUCLEO_F411RE/TOOLCHAIN_GCC_ARM/stm32f4xx_hal_cryp_ex.o
LOAD ./mbed/e1686b8d5b90/TARGET_NUCLEO_F411RE/TOOLCHAIN_GCC_ARM/stm32f4xx_hal_dac.o
LOAD ./mbed/e1686b8d5b90/TARGET_NUCLEO_F411RE/TOOLCHAIN_GCC_ARM/stm32f4xx_hal_dac_ex.o
LOAD ./mbed/e1686b8d5b90/TARGET_NUCLEO_F411RE/TOOLCHAIN_GCC_ARM/stm32f4xx_hal_dcmi.o
LOAD ./mbed/e1686b8d5b90/TARGET_NUCLEO_F411RE/TOOLCHAIN_GCC_ARM/stm32f4xx_hal_dcmi_ex.o
LOAD ./mbed/e1686b8d5b90/TARGET_NUCLEO_F411RE/TOOLCHAIN_GCC_ARM/stm32f4xx_hal_dfsdm.o
LOAD ./mbed/e1686b8d5b90/TARGET_NUCLEO_F411RE/TOOLCHAIN_GCC_ARM/stm32f4xx_hal_dma.o
LOAD ./mbed/e1686b8d5b90/TARGET_NUCLEO_F411RE/TOOLCHAIN_GCC_ARM/stm32f4xx_hal_dma2d.o
LOAD ./mbed/e1686b8d5b90/TARGET_NUCLEO_F411RE/TOOLCHAIN_GCC_ARM/stm32f4xx_hal_dma_ex.o
LOAD ./mbed/e1686b8d5b90/TARGET_NUCLEO_F411RE/TOOLCHAIN_GCC_ARM/stm32f4xx_hal_dsi.o
LOAD ./mbed/e1686b8d5b90/TARGET_NUCLEO_F411RE/TOOLCHAIN_GCC_ARM/stm32f4xx_hal_eth.o
LOAD ./mbed/e1686b8d5b90/TARGET_NUCLEO_F411RE/TOOLCHAIN_GCC_ARM/stm32f4xx_hal_flash.o
LOAD ./mbed/e1686b8d5b90/TARGET_NUCLEO_F411RE/TOOLCHAIN_GCC_ARM/stm32f4xx_hal_flash_ex.o
LOAD ./mbed/e1686b8d5b90/TARGET_NUCLEO_F411RE/TOOLCHAIN_GCC_ARM/stm32f4xx_hal_flash_ramfunc.o
LOAD ./mbed/e1686b8d5b90/TARGET_NUCLEO_F411RE/TOOLCHAIN_GCC_ARM/stm32f4xx_hal_fmpi2c.o
LOAD ./mbed/e1686b8d5b90/TARGET_NUCLEO_F411RE/TOOLCHAIN_GCC_ARM/stm32f4xx_hal_fmpi2c_ex.o
LOAD ./mbed/e1686b8d5b90/TARGET_NUCLEO_F411RE/TOOLCHAIN_GCC_ARM/stm32f4xx_hal_gpio.o
LOAD ./mbed/e1686b8d5b90/TARGET_NUCLEO_F411RE/TOOLCHAIN_GCC_ARM/stm32f4xx_hal_hash.o
LOAD ./mbed/e1686b8d5b90/TARGET_NUCLEO_F411RE/TOOLCHAIN_GCC_ARM/stm32f4xx_hal_hash_ex.o
LOAD ./mbed/e1686b8d5b90/TARGET_NUCLEO_F411RE/TOOLCHAIN_GCC_ARM/stm32f4xx_hal_hcd.o
LOAD ./mbed/e1686b8d5b90/TARGET_NUCLEO_F411RE/TOOLCHAIN_GCC_ARM/stm32f4xx_hal_i2c.o
LOAD ./mbed/e1686b8d5b90/TARGET_NUCLEO_F411RE/TOOLCHAIN_GCC_ARM/stm32f4xx_hal_i2c_ex.o
LOAD ./mbed/e1686b8d5b90/TARGET_NUCLEO_F411RE/TOOLCHAIN_GCC_ARM/stm32f4xx_hal_i2s.o
LOAD ./mbed/e1686b8d5b90/TARGET_NUCLEO_F411RE/TOOLCHAIN_GCC_ARM/stm32f4xx_hal_i2s_ex.o
LOAD ./mbed/e1686b8d5b90/TARGET_NUCLEO_F411RE/TOOLCHAIN_GCC_ARM/stm32f4xx_hal_irda.o
LOAD ./mbed/e1686b8d5b90/TARGET_NUCLEO_F411RE/TOOLCHAIN_GCC_ARM/stm32f4xx_hal_iwdg.o
LOAD ./mbed/e1686b8d5b90/TARGET_NUCLEO_F411RE/TOOLCHAIN_GCC_ARM/stm32f4xx_hal_lptim.o
LOAD ./mbed/e1686b8d5b90/TARGET_NUCLEO_F411RE/TOOLCHAIN_GCC_ARM/stm32f4xx_hal_ltdc.o
LOAD ./mbed/e1686b8d5b90/TARGET_NUCLEO_F411RE/TOOLCHAIN_GCC_ARM/stm32f4xx_hal_ltdc_ex.o
LOAD ./mbed/e1686b8d5b90/TARGET_NUCLEO_F411RE/TOOLCHAIN_GCC_ARM/stm32f4xx_hal_msp_template.o
LOAD ./mbed/e1686b8d5b90/TARGET_NUCLEO_F411RE/TOOLCHAIN_GCC_ARM/stm32f4xx_hal_nand.o
LOAD ./mbed/e1686b8d5b90/TARGET_NUCLEO_F411RE/TOOLCHAIN_GCC_ARM/stm32f4xx_hal_nor.o
LOAD ./mbed/e1686b8d5b90/TARGET_NUCLEO_F411RE/TOOLCHAIN_GCC_ARM/stm32f4xx_hal_pccard.o
LOAD ./mbed/e1686b8d5b90/TARGET_NUCLEO_F411RE/TOOLCHAIN_GCC_ARM/stm32f4xx_hal_pcd.o
LOAD ./mbed/e1686b8d5b90/TARGET_NUCLEO_F411RE/TOOLCHAIN_GCC_ARM/stm32f4xx_hal_pcd_ex.o
LOAD ./mbed/e1686b8d5b90/TARGET_NUCLEO_F411RE/TOOLCHAIN_GCC_ARM/stm32f4xx_hal_pwr.o
LOAD ./mbed/e1686b8d5b90/TARGET_NUCLEO_F411RE/TOOLCHAIN_GCC_ARM/stm32f4xx_hal_pwr_ex.o
LOAD ./mbed/e1686b8d5b90/TARGET_NUCLEO_F411RE/TOOLCHAIN_GCC_ARM/stm32f4xx_hal_qspi.o
LOAD ./mbed/e1686b8d5b90/TARGET_NUCLEO_F411RE/TOOLCHAIN_GCC_ARM/stm32f4xx_hal_rcc.o
LOAD ./mbed/e1686b8d5b90/TARGET_NUCLEO_F411RE/TOOLCHAIN_GCC_ARM/stm32f4xx_hal_rcc_ex.o
LOAD ./mbed/e1686b8d5b90/TARGET_NUCLEO_F411RE/TOOLCHAIN_GCC_ARM/stm32f4xx_hal_rng.o
LOAD ./mbed/e1686b8d5b90/TARGET_NUCLEO_F411RE/TOOLCHAIN_GCC_ARM/stm32f4xx_hal_rtc.o
LOAD ./mbed/e1686b8d5b90/TARGET_NUCLEO_F411RE/TOOLCHAIN_GCC_ARM/stm32f4xx_hal_rtc_ex.o
LOAD ./mbed/e1686b8d5b90/TARGET_NUCLEO_F411RE/TOOLCHAIN_GCC_ARM/stm32f4xx_hal_sai.o
LOAD ./mbed/e1686b8d5b90/TARGET_NUCLEO_F411RE/TOOLCHAIN_GCC_ARM/stm32f4xx_hal_sai_ex.o
LOAD ./mbed/e1686b8d5b90/TARGET_NUCLEO_F411RE/TOOLCHAIN_GCC_ARM/stm32f4xx_hal_sd.o
LOAD ./mbed/e1686b8d5b90/TARGET_NUCLEO_F411RE/TOOLCHAIN_GCC_ARM/stm32f4xx_hal_sdram.o
LOAD ./mbed/e1686b8d5b90/TARGET_NUCLEO_F411RE/TOOLCHAIN_GCC_ARM/stm32f4xx_hal_smartcard.o
LOAD ./mbed/e1686b8d5b90/TARGET_NUCLEO_F411RE/TOOLCHAIN_GCC_ARM/stm32f4xx_hal_spdifrx.o
LOAD ./mbed/e1686b8d5b90/TARGET_NUCLEO_F411RE/TOOLCHAIN_GCC_ARM/stm32f4xx_hal_spi.o
LOAD ./mbed/e1686b8d5b90/TARGET_NUCLEO_F411RE/TOOLCHAIN_GCC_ARM/stm32f4xx_hal_sram.o
LOAD ./mbed/e1686b8d5b90/TARGET_NUCLEO_F411RE/TOOLCHAIN_GCC_ARM/stm32f4xx_hal_tim.o
LOAD ./mbed/e1686b8d5b90/TARGET_NUCLEO_F411RE/TOOLCHAIN_GCC_ARM/stm32f4xx_hal_tim_ex.o
LOAD ./mbed/e1686b8d5b90/TARGET_NUCLEO_F411RE/TOOLCHAIN_GCC_ARM/stm32f4xx_hal_uart.o
LOAD ./mbed/e1686b8d5b90/TARGET_NUCLEO_F411RE/TOOLCHAIN_GCC_ARM/stm32f4xx_hal_usart.o
LOAD ./mbed/e1686b8d5b90/TARGET_NUCLEO_F411RE/TOOLCHAIN_GCC_ARM/stm32f4xx_hal_wwdg.o
LOAD ./mbed/e1686b8d5b90/TARGET_NUCLEO_F411RE/TOOLCHAIN_GCC_ARM/stm32f4xx_ll_fmc.o
LOAD ./mbed/e1686b8d5b90/TARGET_NUCLEO_F411RE/TOOLCHAIN_GCC_ARM/stm32f4xx_ll_fsmc.o
LOAD ./mbed/e1686b8d5b90/TARGET_NUCLEO_F411RE/TOOLCHAIN_GCC_ARM/stm32f4xx_ll_sdmmc.o
LOAD ./mbed/e1686b8d5b90/TARGET_NUCLEO_F411RE/TOOLCHAIN_GCC_ARM/stm32f4xx_ll_usb.o
LOAD ./mbed/e1686b8d5b90/TARGET_NUCLEO_F411RE/TOOLCHAIN_GCC_ARM/stm_spi_api.o
LOAD ./mbed/e1686b8d5b90/TARGET_NUCLEO_F411RE/TOOLCHAIN_GCC_ARM/system_stm32f4xx.o
LOAD ./mbed/e1686b8d5b90/TARGET_NUCLEO_F411RE/TOOLCHAIN_GCC_ARM/trng_api.o
LOAD ./mbed/e1686b8d5b90/TARGET_NUCLEO_F411RE/TOOLCHAIN_GCC_ARM/us_ticker_16b.o
LOAD ./mbed/e1686b8d5b90/TARGET_NUCLEO_F411RE/TOOLCHAIN_GCC_ARM/us_ticker_32b.o
START GROUP
LOAD ./mbed/e1686b8d5b90/TARGET_NUCLEO_F411RE/TOOLCHAIN_GCC_ARM/libmbed.a
LOAD /home/inaki/Downloads/adamgreen-gcc4mbed-7d79ef3/gcc-arm-none-eabi/bin/../lib/gcc/arm-none-eabi/6.3.1/../../../../arm-none-eabi/lib/thumb/v7e-m/fpv4-sp/softfp/libstdc++.a
LOAD /home/inaki/Downloads/adamgreen-gcc4mbed-7d79ef3/gcc-arm-none-eabi/bin/../lib/gcc/arm-none-eabi/6.3.1/../../../../arm-none-eabi/lib/thumb/v7e-m/fpv4-sp/softfp/libsupc++.a
LOAD /home/inaki/Downloads/adamgreen-gcc4mbed-7d79ef3/gcc-arm-none-eabi/bin/../lib/gcc/arm-none-eabi/6.3.1/../../../../arm-none-eabi/lib/thumb/v7e-m/fpv4-sp/softfp/libm.a
LOAD /home/inaki/Downloads/adamgreen-gcc4mbed-7d79ef3/gcc-arm-none-eabi/bin/../lib/gcc/arm-none-eabi/6.3.1/../../../../arm-none-eabi/lib/thumb/v7e-m/fpv4-sp/softfp/libc.a
LOAD /home/inaki/Downloads/adamgreen-gcc4mbed-7d79ef3/gcc-arm-none-eabi/bin/../lib/gcc/arm-none-eabi/6.3.1/thumb/v7e-m/fpv4-sp/softfp/libgcc.a
LOAD /home/inaki/Downloads/adamgreen-gcc4mbed-7d79ef3/gcc-arm-none-eabi/bin/../lib/gcc/arm-none-eabi/6.3.1/../../../../arm-none-eabi/lib/thumb/v7e-m/fpv4-sp/softfp/libnosys.a
END GROUP
LOAD ./mbed/e1686b8d5b90/TARGET_NUCLEO_F411RE/TOOLCHAIN_GCC_ARM/libmbed.a
LOAD /home/inaki/Downloads/adamgreen-gcc4mbed-7d79ef3/gcc-arm-none-eabi/bin/../lib/gcc/arm-none-eabi/6.3.1/../../../../arm-none-eabi/lib/thumb/v7e-m/fpv4-sp/softfp/libstdc++.a
LOAD /home/inaki/Downloads/adamgreen-gcc4mbed-7d79ef3/gcc-arm-none-eabi/bin/../lib/gcc/arm-none-eabi/6.3.1/../../../../arm-none-eabi/lib/thumb/v7e-m/fpv4-sp/softfp/libsupc++.a
LOAD /home/inaki/Downloads/adamgreen-gcc4mbed-7d79ef3/gcc-arm-none-eabi/bin/../lib/gcc/arm-none-eabi/6.3.1/../../../../arm-none-eabi/lib/thumb/v7e-m/fpv4-sp/softfp/libm.a
LOAD /home/inaki/Downloads/adamgreen-gcc4mbed-7d79ef3/gcc-arm-none-eabi/bin/../lib/gcc/arm-none-eabi/6.3.1/../../../../arm-none-eabi/lib/thumb/v7e-m/fpv4-sp/softfp/libc.a
LOAD /home/inaki/Downloads/adamgreen-gcc4mbed-7d79ef3/gcc-arm-none-eabi/bin/../lib/gcc/arm-none-eabi/6.3.1/thumb/v7e-m/fpv4-sp/softfp/libgcc.a
LOAD /home/inaki/Downloads/adamgreen-gcc4mbed-7d79ef3/gcc-arm-none-eabi/bin/../lib/gcc/arm-none-eabi/6.3.1/../../../../arm-none-eabi/lib/thumb/v7e-m/fpv4-sp/softfp/libnosys.a
START GROUP
LOAD /home/inaki/Downloads/adamgreen-gcc4mbed-7d79ef3/gcc-arm-none-eabi/bin/../lib/gcc/arm-none-eabi/6.3.1/thumb/v7e-m/fpv4-sp/softfp/libgcc.a
LOAD /home/inaki/Downloads/adamgreen-gcc4mbed-7d79ef3/gcc-arm-none-eabi/bin/../lib/gcc/arm-none-eabi/6.3.1/../../../../arm-none-eabi/lib/thumb/v7e-m/fpv4-sp/softfp/libc.a
END GROUP
LOAD /home/inaki/Downloads/adamgreen-gcc4mbed-7d79ef3/gcc-arm-none-eabi/bin/../lib/gcc/arm-none-eabi/6.3.1/thumb/v7e-m/fpv4-sp/softfp/crtend.o
LOAD /home/inaki/Downloads/adamgreen-gcc4mbed-7d79ef3/gcc-arm-none-eabi/bin/../lib/gcc/arm-none-eabi/6.3.1/thumb/v7e-m/fpv4-sp/softfp/crtn.o

.text           0x0000000008000000    0x13f2c
 *(.isr_vector)
 .isr_vector    0x0000000008000000      0x198 ./mbed/e1686b8d5b90/TARGET_NUCLEO_F411RE/TOOLCHAIN_GCC_ARM/startup_stm32f411xe.o
                0x0000000008000000                g_pfnVectors
 *(.text*)
 .text          0x0000000008000198       0x6c /home/inaki/Downloads/adamgreen-gcc4mbed-7d79ef3/gcc-arm-none-eabi/bin/../lib/gcc/arm-none-eabi/6.3.1/thumb/v7e-m/fpv4-sp/softfp/crtbegin.o
 .text          0x0000000008000204       0x74 /home/inaki/Downloads/adamgreen-gcc4mbed-7d79ef3/gcc-arm-none-eabi/bin/../lib/gcc/arm-none-eabi/6.3.1/../../../../arm-none-eabi/lib/thumb/v7e-m/fpv4-sp/softfp/crt0.o
                0x0000000008000204                _mainCRTStartup
                0x0000000008000204                _start
 .text._ZNK8std_msgs4Time9serializeEPh
                0x0000000008000278       0x28 ./BUILD/NUCLEO_F411RE/GCC_ARM/./main.o
                0x0000000008000278                std_msgs::Time::serialize(unsigned char*) const
 .text._ZN8std_msgs4Time11deserializeEPh
                0x00000000080002a0       0x3c ./BUILD/NUCLEO_F411RE/GCC_ARM/./main.o
                0x00000000080002a0                std_msgs::Time::deserialize(unsigned char*)
 .text._ZN8std_msgs4Time7getTypeEv
                0x00000000080002dc        0x8 ./BUILD/NUCLEO_F411RE/GCC_ARM/./main.o
                0x00000000080002dc                std_msgs::Time::getType()
 .text._ZN8std_msgs4Time6getMD5Ev
                0x00000000080002e4        0x8 ./BUILD/NUCLEO_F411RE/GCC_ARM/./main.o
                0x00000000080002e4                std_msgs::Time::getMD5()
 .text._ZN14rosserial_msgs9TopicInfo7getTypeEv
                0x00000000080002ec        0x8 ./BUILD/NUCLEO_F411RE/GCC_ARM/./main.o
                0x00000000080002ec                rosserial_msgs::TopicInfo::getType()
 .text._ZN14rosserial_msgs9TopicInfo6getMD5Ev
                0x00000000080002f4        0x8 ./BUILD/NUCLEO_F411RE/GCC_ARM/./main.o
                0x00000000080002f4                rosserial_msgs::TopicInfo::getMD5()
 .text._ZN14rosserial_msgs3Log7getTypeEv
                0x00000000080002fc        0x8 ./BUILD/NUCLEO_F411RE/GCC_ARM/./main.o
                0x00000000080002fc                rosserial_msgs::Log::getType()
 .text._ZN14rosserial_msgs3Log6getMD5Ev
                0x0000000008000304        0x8 ./BUILD/NUCLEO_F411RE/GCC_ARM/./main.o
                0x0000000008000304                rosserial_msgs::Log::getMD5()
 .text._ZN14rosserial_msgs20RequestParamResponse7getTypeEv
                0x000000000800030c        0x8 ./BUILD/NUCLEO_F411RE/GCC_ARM/./main.o
                0x000000000800030c                rosserial_msgs::RequestParamResponse::getType()
 .text._ZN14rosserial_msgs20RequestParamResponse6getMD5Ev
                0x0000000008000314        0x8 ./BUILD/NUCLEO_F411RE/GCC_ARM/./main.o
                0x0000000008000314                rosserial_msgs::RequestParamResponse::getMD5()
 .text._ZN8std_msgs6Header7getTypeEv
                0x000000000800031c        0x8 ./BUILD/NUCLEO_F411RE/GCC_ARM/./main.o
                0x000000000800031c                std_msgs::Header::getType()
 .text._ZN8std_msgs6Header6getMD5Ev
                0x0000000008000324        0x8 ./BUILD/NUCLEO_F411RE/GCC_ARM/./main.o
                0x0000000008000324                std_msgs::Header::getMD5()
 .text._ZNK13geometry_msgs7Vector39serializeEPh
                0x000000000800032c       0x66 ./BUILD/NUCLEO_F411RE/GCC_ARM/./main.o
                0x000000000800032c                geometry_msgs::Vector3::serialize(unsigned char*) const
 .text._ZN13geometry_msgs7Vector311deserializeEPh
                0x0000000008000392       0x1c ./BUILD/NUCLEO_F411RE/GCC_ARM/./main.o
                0x0000000008000392                geometry_msgs::Vector3::deserialize(unsigned char*)
 *fill*         0x00000000080003ae        0x2 
 .text._ZN13geometry_msgs7Vector37getTypeEv
                0x00000000080003b0        0x8 ./BUILD/NUCLEO_F411RE/GCC_ARM/./main.o
                0x00000000080003b0                geometry_msgs::Vector3::getType()
 .text._ZN13geometry_msgs7Vector36getMD5Ev
                0x00000000080003b8        0x8 ./BUILD/NUCLEO_F411RE/GCC_ARM/./main.o
                0x00000000080003b8                geometry_msgs::Vector3::getMD5()
 .text._ZNK13geometry_msgs10Quaternion9serializeEPh
                0x00000000080003c0       0x86 ./BUILD/NUCLEO_F411RE/GCC_ARM/./main.o
                0x00000000080003c0                geometry_msgs::Quaternion::serialize(unsigned char*) const
 .text._ZN13geometry_msgs10Quaternion11deserializeEPh
                0x0000000008000446       0x24 ./BUILD/NUCLEO_F411RE/GCC_ARM/./main.o
                0x0000000008000446                geometry_msgs::Quaternion::deserialize(unsigned char*)
 *fill*         0x000000000800046a        0x2 
 .text._ZN13geometry_msgs10Quaternion7getTypeEv
                0x000000000800046c        0x8 ./BUILD/NUCLEO_F411RE/GCC_ARM/./main.o
                0x000000000800046c                geometry_msgs::Quaternion::getType()
 .text._ZN13geometry_msgs10Quaternion6getMD5Ev
                0x0000000008000474        0x8 ./BUILD/NUCLEO_F411RE/GCC_ARM/./main.o
                0x0000000008000474                geometry_msgs::Quaternion::getMD5()
 .text._ZNK13geometry_msgs9Transform9serializeEPh
                0x000000000800047c       0x1c ./BUILD/NUCLEO_F411RE/GCC_ARM/./main.o
                0x000000000800047c                geometry_msgs::Transform::serialize(unsigned char*) const
 .text._ZN13geometry_msgs9Transform11deserializeEPh
                0x0000000008000498       0x1c ./BUILD/NUCLEO_F411RE/GCC_ARM/./main.o
                0x0000000008000498                geometry_msgs::Transform::deserialize(unsigned char*)
 .text._ZN13geometry_msgs9Transform7getTypeEv
                0x00000000080004b4        0x8 ./BUILD/NUCLEO_F411RE/GCC_ARM/./main.o
                0x00000000080004b4                geometry_msgs::Transform::getType()
 .text._ZN13geometry_msgs9Transform6getMD5Ev
                0x00000000080004bc        0x8 ./BUILD/NUCLEO_F411RE/GCC_ARM/./main.o
                0x00000000080004bc                geometry_msgs::Transform::getMD5()
 .text._ZN13geometry_msgs16TransformStamped7getTypeEv
                0x00000000080004c4        0x8 ./BUILD/NUCLEO_F411RE/GCC_ARM/./main.o
                0x00000000080004c4                geometry_msgs::TransformStamped::getType()
 .text._ZN13geometry_msgs16TransformStamped6getMD5Ev
                0x00000000080004cc        0x8 ./BUILD/NUCLEO_F411RE/GCC_ARM/./main.o
                0x00000000080004cc                geometry_msgs::TransformStamped::getMD5()
 .text._ZNK2tf9tfMessage9serializeEPh
                0x00000000080004d4       0x44 ./BUILD/NUCLEO_F411RE/GCC_ARM/./main.o
                0x00000000080004d4                tf::tfMessage::serialize(unsigned char*) const
 .text._ZN2tf9tfMessage7getTypeEv
                0x0000000008000518        0x8 ./BUILD/NUCLEO_F411RE/GCC_ARM/./main.o
                0x0000000008000518                tf::tfMessage::getType()
 .text._ZN2tf9tfMessage6getMD5Ev
                0x0000000008000520        0x8 ./BUILD/NUCLEO_F411RE/GCC_ARM/./main.o
                0x0000000008000520                tf::tfMessage::getMD5()
 .text._ZNK13geometry_msgs5Point9serializeEPh
                0x0000000008000528       0x66 ./BUILD/NUCLEO_F411RE/GCC_ARM/./main.o
                0x0000000008000528                geometry_msgs::Point::serialize(unsigned char*) const
 .text._ZN13geometry_msgs5Point11deserializeEPh
                0x000000000800058e       0x1c ./BUILD/NUCLEO_F411RE/GCC_ARM/./main.o
                0x000000000800058e                geometry_msgs::Point::deserialize(unsigned char*)
 *fill*         0x00000000080005aa        0x2 
 .text._ZN13geometry_msgs5Point7getTypeEv
                0x00000000080005ac        0x8 ./BUILD/NUCLEO_F411RE/GCC_ARM/./main.o
                0x00000000080005ac                geometry_msgs::Point::getType()
 .text._ZN13geometry_msgs5Point6getMD5Ev
                0x00000000080005b4        0x8 ./BUILD/NUCLEO_F411RE/GCC_ARM/./main.o
                0x00000000080005b4                geometry_msgs::Point::getMD5()
 .text._ZNK13geometry_msgs4Pose9serializeEPh
                0x00000000080005bc       0x1c ./BUILD/NUCLEO_F411RE/GCC_ARM/./main.o
                0x00000000080005bc                geometry_msgs::Pose::serialize(unsigned char*) const
 .text._ZN13geometry_msgs4Pose11deserializeEPh
                0x00000000080005d8       0x1c ./BUILD/NUCLEO_F411RE/GCC_ARM/./main.o
                0x00000000080005d8                geometry_msgs::Pose::deserialize(unsigned char*)
 .text._ZN13geometry_msgs4Pose7getTypeEv
                0x00000000080005f4        0x8 ./BUILD/NUCLEO_F411RE/GCC_ARM/./main.o
                0x00000000080005f4                geometry_msgs::Pose::getType()
 .text._ZN13geometry_msgs4Pose6getMD5Ev
                0x00000000080005fc        0x8 ./BUILD/NUCLEO_F411RE/GCC_ARM/./main.o
                0x00000000080005fc                geometry_msgs::Pose::getMD5()
 .text._ZNK13geometry_msgs18PoseWithCovariance9serializeEPh
                0x0000000008000604       0x48 ./BUILD/NUCLEO_F411RE/GCC_ARM/./main.o
                0x0000000008000604                geometry_msgs::PoseWithCovariance::serialize(unsigned char*) const
 .text._ZN13geometry_msgs18PoseWithCovariance11deserializeEPh
                0x000000000800064c       0xc6 ./BUILD/NUCLEO_F411RE/GCC_ARM/./main.o
                0x000000000800064c                geometry_msgs::PoseWithCovariance::deserialize(unsigned char*)
 *fill*         0x0000000008000712        0x2 
 .text._ZN13geometry_msgs18PoseWithCovariance7getTypeEv
                0x0000000008000714        0x8 ./BUILD/NUCLEO_F411RE/GCC_ARM/./main.o
                0x0000000008000714                geometry_msgs::PoseWithCovariance::getType()
 .text._ZN13geometry_msgs18PoseWithCovariance6getMD5Ev
                0x000000000800071c        0x8 ./BUILD/NUCLEO_F411RE/GCC_ARM/./main.o
                0x000000000800071c                geometry_msgs::PoseWithCovariance::getMD5()
 .text._ZNK13geometry_msgs5Twist9serializeEPh
                0x0000000008000724       0x1c ./BUILD/NUCLEO_F411RE/GCC_ARM/./main.o
                0x0000000008000724                geometry_msgs::Twist::serialize(unsigned char*) const
 .text._ZN13geometry_msgs5Twist11deserializeEPh
                0x0000000008000740       0x1c ./BUILD/NUCLEO_F411RE/GCC_ARM/./main.o
                0x0000000008000740                geometry_msgs::Twist::deserialize(unsigned char*)
 .text._ZN13geometry_msgs5Twist7getTypeEv
                0x000000000800075c        0x8 ./BUILD/NUCLEO_F411RE/GCC_ARM/./main.o
                0x000000000800075c                geometry_msgs::Twist::getType()
 .text._ZN13geometry_msgs5Twist6getMD5Ev
                0x0000000008000764        0x8 ./BUILD/NUCLEO_F411RE/GCC_ARM/./main.o
                0x0000000008000764                geometry_msgs::Twist::getMD5()
 .text._ZNK13geometry_msgs19TwistWithCovariance9serializeEPh
                0x000000000800076c       0x48 ./BUILD/NUCLEO_F411RE/GCC_ARM/./main.o
                0x000000000800076c                geometry_msgs::TwistWithCovariance::serialize(unsigned char*) const
 .text._ZN13geometry_msgs19TwistWithCovariance11deserializeEPh
                0x00000000080007b4       0xc6 ./BUILD/NUCLEO_F411RE/GCC_ARM/./main.o
                0x00000000080007b4                geometry_msgs::TwistWithCovariance::deserialize(unsigned char*)
 *fill*         0x000000000800087a        0x2 
 .text._ZN13geometry_msgs19TwistWithCovariance7getTypeEv
                0x000000000800087c        0x8 ./BUILD/NUCLEO_F411RE/GCC_ARM/./main.o
                0x000000000800087c                geometry_msgs::TwistWithCovariance::getType()
 .text._ZN13geometry_msgs19TwistWithCovariance6getMD5Ev
                0x0000000008000884        0x8 ./BUILD/NUCLEO_F411RE/GCC_ARM/./main.o
                0x0000000008000884                geometry_msgs::TwistWithCovariance::getMD5()
 .text._ZN8nav_msgs8Odometry7getTypeEv
                0x000000000800088c        0x8 ./BUILD/NUCLEO_F411RE/GCC_ARM/./main.o
                0x000000000800088c                nav_msgs::Odometry::getType()
 .text._ZN8nav_msgs8Odometry6getMD5Ev
                0x0000000008000894        0x8 ./BUILD/NUCLEO_F411RE/GCC_ARM/./main.o
                0x0000000008000894                nav_msgs::Odometry::getMD5()
 .text._ZN11sensor_msgs3Imu7getTypeEv
                0x000000000800089c        0x8 ./BUILD/NUCLEO_F411RE/GCC_ARM/./main.o
                0x000000000800089c                sensor_msgs::Imu::getType()
 .text._ZN11sensor_msgs3Imu6getMD5Ev
                0x00000000080008a4        0x8 ./BUILD/NUCLEO_F411RE/GCC_ARM/./main.o
                0x00000000080008a4                sensor_msgs::Imu::getMD5()
 .text._ZN11sensor_msgs13MagneticField7getTypeEv
                0x00000000080008ac        0x8 ./BUILD/NUCLEO_F411RE/GCC_ARM/./main.o
                0x00000000080008ac                sensor_msgs::MagneticField::getType()
 .text._ZN11sensor_msgs13MagneticField6getMD5Ev
                0x00000000080008b4        0x8 ./BUILD/NUCLEO_F411RE/GCC_ARM/./main.o
                0x00000000080008b4                sensor_msgs::MagneticField::getMD5()
 .text._Z16my_error_handlert
                0x00000000080008bc        0xc ./BUILD/NUCLEO_F411RE/GCC_ARM/./main.o
                0x00000000080008bc                my_error_handler(unsigned short)
 .text._Z19my_flag_irq_handlerv
                0x00000000080008c8       0x74 ./BUILD/NUCLEO_F411RE/GCC_ARM/./main.o
                0x00000000080008c8                my_flag_irq_handler()
 .text._ZN4mbed8CallbackIFvvEE13function_callIPS1_EEvPKv
                0x000000000800093c        0x4 ./BUILD/NUCLEO_F411RE/GCC_ARM/./main.o
                0x000000000800093c                void mbed::Callback<void ()>::function_call<void (*)()>(void const*)
 .text._ZN4mbed8CallbackIFvvEE13function_moveIPS1_EEvPvPKv
                0x0000000008000940        0x8 ./BUILD/NUCLEO_F411RE/GCC_ARM/./main.o
                0x0000000008000940                void mbed::Callback<void ()>::function_move<void (*)()>(void*, void const*)
 .text._ZN4mbed8CallbackIFvvEE13function_dtorIPS1_EEvPv
                0x0000000008000948        0x2 ./BUILD/NUCLEO_F411RE/GCC_ARM/./main.o
                0x0000000008000948                void mbed::Callback<void ()>::function_dtor<void (*)()>(void*)
 .text._ZN4mbed8CallbackIFvvEE13function_moveINS2_14method_contextI5L6206MS5_FvvEEEEEvPvPKv
                0x000000000800094a        0xc ./BUILD/NUCLEO_F411RE/GCC_ARM/./main.o
                0x000000000800094a                void mbed::Callback<void ()>::function_move<mbed::Callback<void ()>::method_context<L6206, void (L6206::*)()> >(void*, void const*)
 .text._ZN4mbed8CallbackIFvvEE13function_dtorINS2_14method_contextI5L6206MS5_FvvEEEEEvPv
                0x0000000008000956        0x2 ./BUILD/NUCLEO_F411RE/GCC_ARM/./main.o
                0x0000000008000956                void mbed::Callback<void ()>::function_dtor<mbed::Callback<void ()>::method_context<L6206, void (L6206::*)()> >(void*)
 .text._ZN4mbed8CallbackIFvvEE13function_callINS2_14method_contextI5L6206MS5_FvvEEEEEvPKv
                0x0000000008000958       0x18 ./BUILD/NUCLEO_F411RE/GCC_ARM/./main.o
                0x0000000008000958                void mbed::Callback<void ()>::function_call<mbed::Callback<void ()>::method_context<L6206, void (L6206::*)()> >(void const*)
 .text._ZN3ros11NodeHandle_I12MbedHardwareLi25ELi25ELi512ELi512EE9connectedEv
                0x0000000008000970        0x6 ./BUILD/NUCLEO_F411RE/GCC_ARM/./main.o
                0x0000000008000970                ros::NodeHandle_<MbedHardware, 25, 25, 512, 512>::connected()
 .text._ZN5L620617get_bridge_statusEj
                0x0000000008000976        0xa ./BUILD/NUCLEO_F411RE/GCC_ARM/./main.o
                0x0000000008000976                L6206::get_bridge_status(unsigned int)
 .text._ZN5L620616get_device_stateEj
                0x0000000008000980        0xa ./BUILD/NUCLEO_F411RE/GCC_ARM/./main.o
                0x0000000008000980                L6206::get_device_state(unsigned int)
 *fill*         0x000000000800098a        0x2 
 .text._Z17my_button_pressedv
                0x000000000800098c       0x38 ./BUILD/NUCLEO_F411RE/GCC_ARM/./main.o
                0x000000000800098c                my_button_pressed()
 .text._ZN5L62064initEPv
                0x00000000080009c4        0x8 ./BUILD/NUCLEO_F411RE/GCC_ARM/./main.o
                0x00000000080009c4                L6206::init(void*)
 .text._ZN5L620621attach_flag_interruptEPFvvE
                0x00000000080009cc        0x4 ./BUILD/NUCLEO_F411RE/GCC_ARM/./main.o
                0x00000000080009cc                L6206::attach_flag_interrupt(void (*)())
 .text._ZN5L620620attach_error_handlerEPFvtE
                0x00000000080009d0        0x4 ./BUILD/NUCLEO_F411RE/GCC_ARM/./main.o
                0x00000000080009d0                L6206::attach_error_handler(void (*)(unsigned short))
 .text._ZN5L620627set_dual_full_bridge_configEj
                0x00000000080009d4        0x6 ./BUILD/NUCLEO_F411RE/GCC_ARM/./main.o
                0x00000000080009d4                L6206::set_dual_full_bridge_config(unsigned int)
 .text._ZN5L620625set_bridge_input_pwm_freqEjj
                0x00000000080009da        0x6 ./BUILD/NUCLEO_F411RE/GCC_ARM/./main.o
                0x00000000080009da                L6206::set_bridge_input_pwm_freq(unsigned int, unsigned int)
 .text._ZN5L62069set_speedEjj
                0x00000000080009e0        0x8 ./BUILD/NUCLEO_F411RE/GCC_ARM/./main.o
                0x00000000080009e0                L6206::set_speed(unsigned int, unsigned int)
 .text._ZN5L62063runEjN8BDCMotor11direction_tE
                0x00000000080009e8        0x6 ./BUILD/NUCLEO_F411RE/GCC_ARM/./main.o
                0x00000000080009e8                L6206::run(unsigned int, BDCMotor::direction_t)
 .text._ZN5L62068hard_hizEj
                0x00000000080009ee        0x6 ./BUILD/NUCLEO_F411RE/GCC_ARM/./main.o
                0x00000000080009ee                L6206::hard_hiz(unsigned int)
 .text._ZN5L620614set_nb_devicesEh
                0x00000000080009f4        0x4 ./BUILD/NUCLEO_F411RE/GCC_ARM/./main.o
                0x00000000080009f4                L6206::set_nb_devices(unsigned char)
 .text._ZN5L620613error_handlerEt
                0x00000000080009f8        0x4 ./BUILD/NUCLEO_F411RE/GCC_ARM/./main.o
                0x00000000080009f8                L6206::error_handler(unsigned short)
 .text._ZN5L620613get_max_speedEj
                0x00000000080009fc        0x6 ./BUILD/NUCLEO_F411RE/GCC_ARM/./main.o
                0x00000000080009fc                L6206::get_max_speed(unsigned int)
 .text._ZN5L620614get_fw_versionEv
                0x0000000008000a02        0x4 ./BUILD/NUCLEO_F411RE/GCC_ARM/./main.o
                0x0000000008000a02                L6206::get_fw_version()
 .text._ZN5L62069hard_stopEj
                0x0000000008000a06        0x6 ./BUILD/NUCLEO_F411RE/GCC_ARM/./main.o
                0x0000000008000a06                L6206::hard_stop(unsigned int)
 .text._ZN5L62069get_speedEj
                0x0000000008000a0c        0xa ./BUILD/NUCLEO_F411RE/GCC_ARM/./main.o
                0x0000000008000a0c                L6206::get_speed(unsigned int)
 .text._ZN5L620625get_bridge_input_pwm_freqEj
                0x0000000008000a16        0x6 ./BUILD/NUCLEO_F411RE/GCC_ARM/./main.o
                0x0000000008000a16                L6206::get_bridge_input_pwm_freq(unsigned int)
 .text._ZN5L620613enable_bridgeEj
                0x0000000008000a1c        0x6 ./BUILD/NUCLEO_F411RE/GCC_ARM/./main.o
                0x0000000008000a1c                L6206::enable_bridge(unsigned int)
 .text._ZN5L620614disable_bridgeEj
                0x0000000008000a22        0x6 ./BUILD/NUCLEO_F411RE/GCC_ARM/./main.o
                0x0000000008000a22                L6206::disable_bridge(unsigned int)
 .text._ZN5L6206D2Ev
                0x0000000008000a28       0x1c ./BUILD/NUCLEO_F411RE/GCC_ARM/./main.o
                0x0000000008000a28                L6206::~L6206()
                0x0000000008000a28                L6206::~L6206()
 .text._ZN5L6206D0Ev
                0x0000000008000a44       0x12 ./BUILD/NUCLEO_F411RE/GCC_ARM/./main.o
                0x0000000008000a44                L6206::~L6206()
 .text._ZN5L62067read_idEPh
                0x0000000008000a56        0x8 ./BUILD/NUCLEO_F411RE/GCC_ARM/./main.o
                0x0000000008000a56                L6206::read_id(unsigned char*)
 .text._ZN3ros9Publisher7publishEPKNS_3MsgE
                0x0000000008000a5e       0x16 ./BUILD/NUCLEO_F411RE/GCC_ARM/./main.o
                0x0000000008000a5e                ros::Publisher::publish(ros::Msg const*)
 .text._ZN4mbed6PwmOutC2E7PinName
                0x0000000008000a74       0x1a ./BUILD/NUCLEO_F411RE/GCC_ARM/./main.o
                0x0000000008000a74                mbed::PwmOut::PwmOut(PinName)
                0x0000000008000a74                mbed::PwmOut::PwmOut(PinName)
 *fill*         0x0000000008000a8e        0x2 
 .text._ZN13geometry_msgs7Vector3C2Ev
                0x0000000008000a90       0x1c ./BUILD/NUCLEO_F411RE/GCC_ARM/./main.o
                0x0000000008000a90                geometry_msgs::Vector3::Vector3()
                0x0000000008000a90                geometry_msgs::Vector3::Vector3()
 .text._ZN13geometry_msgs10QuaternionC2Ev
                0x0000000008000aac       0x20 ./BUILD/NUCLEO_F411RE/GCC_ARM/./main.o
                0x0000000008000aac                geometry_msgs::Quaternion::Quaternion()
                0x0000000008000aac                geometry_msgs::Quaternion::Quaternion()
 .text._ZN13geometry_msgs16TransformStampedC2Ev
                0x0000000008000acc       0x40 ./BUILD/NUCLEO_F411RE/GCC_ARM/./main.o
                0x0000000008000acc                geometry_msgs::TransformStamped::TransformStamped()
                0x0000000008000acc                geometry_msgs::TransformStamped::TransformStamped()
 .text._ZN3ros3Msg8varToArrIPhmEEvT_T0_
                0x0000000008000b0c       0x14 ./BUILD/NUCLEO_F411RE/GCC_ARM/./main.o
                0x0000000008000b0c                void ros::Msg::varToArr<unsigned char*, unsigned long>(unsigned char*, unsigned long)
 .text._ZNK8std_msgs6Header9serializeEPh
                0x0000000008000b20       0x60 ./BUILD/NUCLEO_F411RE/GCC_ARM/./main.o
                0x0000000008000b20                std_msgs::Header::serialize(unsigned char*) const
 .text._ZNK11sensor_msgs3Imu9serializeEPh
                0x0000000008000b80       0xee ./BUILD/NUCLEO_F411RE/GCC_ARM/./main.o
                0x0000000008000b80                sensor_msgs::Imu::serialize(unsigned char*) const
 .text._ZNK11sensor_msgs13MagneticField9serializeEPh
                0x0000000008000c6e       0x52 ./BUILD/NUCLEO_F411RE/GCC_ARM/./main.o
                0x0000000008000c6e                sensor_msgs::MagneticField::serialize(unsigned char*) const
 .text._ZNK8nav_msgs8Odometry9serializeEPh
                0x0000000008000cc0       0x46 ./BUILD/NUCLEO_F411RE/GCC_ARM/./main.o
                0x0000000008000cc0                nav_msgs::Odometry::serialize(unsigned char*) const
 .text._ZNK13geometry_msgs16TransformStamped9serializeEPh
                0x0000000008000d06       0x3a ./BUILD/NUCLEO_F411RE/GCC_ARM/./main.o
                0x0000000008000d06                geometry_msgs::TransformStamped::serialize(unsigned char*) const
 .text._ZNK14rosserial_msgs20RequestParamResponse9serializeEPh
                0x0000000008000d40       0xe2 ./BUILD/NUCLEO_F411RE/GCC_ARM/./main.o
                0x0000000008000d40                rosserial_msgs::RequestParamResponse::serialize(unsigned char*) const
 .text._ZNK14rosserial_msgs3Log9serializeEPh
                0x0000000008000e22       0x2c ./BUILD/NUCLEO_F411RE/GCC_ARM/./main.o
                0x0000000008000e22                rosserial_msgs::Log::serialize(unsigned char*) const
 .text._ZNK14rosserial_msgs9TopicInfo9serializeEPh
                0x0000000008000e4e       0x86 ./BUILD/NUCLEO_F411RE/GCC_ARM/./main.o
                0x0000000008000e4e                rosserial_msgs::TopicInfo::serialize(unsigned char*) const
 .text._ZN3ros3Msg8arrToVarImPhEEvRT_T0_
                0x0000000008000ed4       0x1e ./BUILD/NUCLEO_F411RE/GCC_ARM/./main.o
                0x0000000008000ed4                void ros::Msg::arrToVar<unsigned long, unsigned char*>(unsigned long&, unsigned char*)
 .text._ZN8std_msgs6Header11deserializeEPh
                0x0000000008000ef2       0x8a ./BUILD/NUCLEO_F411RE/GCC_ARM/./main.o
                0x0000000008000ef2                std_msgs::Header::deserialize(unsigned char*)
 .text._ZN11sensor_msgs3Imu11deserializeEPh
                0x0000000008000f7c      0x262 ./BUILD/NUCLEO_F411RE/GCC_ARM/./main.o
                0x0000000008000f7c                sensor_msgs::Imu::deserialize(unsigned char*)
 .text._ZN11sensor_msgs13MagneticField11deserializeEPh
                0x00000000080011de       0xd0 ./BUILD/NUCLEO_F411RE/GCC_ARM/./main.o
                0x00000000080011de                sensor_msgs::MagneticField::deserialize(unsigned char*)
 .text._ZN8nav_msgs8Odometry11deserializeEPh
                0x00000000080012ae       0x56 ./BUILD/NUCLEO_F411RE/GCC_ARM/./main.o
                0x00000000080012ae                nav_msgs::Odometry::deserialize(unsigned char*)
 .text._ZN14rosserial_msgs3Log11deserializeEPh
                0x0000000008001304       0x36 ./BUILD/NUCLEO_F411RE/GCC_ARM/./main.o
                0x0000000008001304                rosserial_msgs::Log::deserialize(unsigned char*)
 .text._ZN14rosserial_msgs9TopicInfo11deserializeEPh
                0x000000000800133a       0xb6 ./BUILD/NUCLEO_F411RE/GCC_ARM/./main.o
                0x000000000800133a                rosserial_msgs::TopicInfo::deserialize(unsigned char*)
 .text._ZN14rosserial_msgs20RequestParamResponse11deserializeEPh
                0x00000000080013f0      0x160 ./BUILD/NUCLEO_F411RE/GCC_ARM/./main.o
                0x00000000080013f0                rosserial_msgs::RequestParamResponse::deserialize(unsigned char*)
 .text._ZN13geometry_msgs16TransformStamped11deserializeEPh
                0x0000000008001550       0x4a ./BUILD/NUCLEO_F411RE/GCC_ARM/./main.o
                0x0000000008001550                geometry_msgs::TransformStamped::deserialize(unsigned char*)
 .text._ZN2tf9tfMessage11deserializeEPh
                0x000000000800159a       0x54 ./BUILD/NUCLEO_F411RE/GCC_ARM/./main.o
                0x000000000800159a                tf::tfMessage::deserialize(unsigned char*)
 .text._ZN4mbed8CallbackIFvvEED2Ev
                0x00000000080015ee       0x10 ./BUILD/NUCLEO_F411RE/GCC_ARM/./main.o
                0x00000000080015ee                mbed::Callback<void ()>::~Callback()
                0x00000000080015ee                mbed::Callback<void ()>::~Callback()
 .text._ZN5L620616disable_flag_irqEh
                0x00000000080015fe       0x24 ./BUILD/NUCLEO_F411RE/GCC_ARM/./main.o
                0x00000000080015fe                L6206::disable_flag_irq(unsigned char)
 .text._ZN3ros11NodeHandle_I12MbedHardwareLi25ELi25ELi512ELi512EE9advertiseERNS_9PublisherE
                0x0000000008001622       0x2a ./BUILD/NUCLEO_F411RE/GCC_ARM/./main.o
                0x0000000008001622                ros::NodeHandle_<MbedHardware, 25, 25, 512, 512>::advertise(ros::Publisher&)
 .text._ZN4mbed11InterruptIn4fallI5L6206MS2_FvvEEEvPT_T0_
                0x000000000800164c       0x38 ./BUILD/NUCLEO_F411RE/GCC_ARM/./main.o
                0x000000000800164c                void mbed::InterruptIn::fall<L6206, void (L6206::*)()>(L6206*, void (L6206::*)())
 .text._ZN5L620615enable_flag_irqEh
                0x0000000008001684       0x48 ./BUILD/NUCLEO_F411RE/GCC_ARM/./main.o
                0x0000000008001684                L6206::enable_flag_irq(unsigned char)
 .text._ZN3ros11NodeHandle_I12MbedHardwareLi25ELi25ELi512ELi512EE3nowEv
                0x00000000080016cc       0x40 ./BUILD/NUCLEO_F411RE/GCC_ARM/./main.o
                0x00000000080016cc                ros::NodeHandle_<MbedHardware, 25, 25, 512, 512>::now()
 .text._ZN3ros11NodeHandle_I12MbedHardwareLi25ELi25ELi512ELi512EE15requestSyncTimeEv
                0x000000000800170c       0x30 ./BUILD/NUCLEO_F411RE/GCC_ARM/./main.o
                0x000000000800170c                ros::NodeHandle_<MbedHardware, 25, 25, 512, 512>::requestSyncTime()
 .text._ZN3ros11NodeHandle_I12MbedHardwareLi25ELi25ELi512ELi512EE15negotiateTopicsEv
                0x000000000800173c       0xbc ./BUILD/NUCLEO_F411RE/GCC_ARM/./main.o
                0x000000000800173c                ros::NodeHandle_<MbedHardware, 25, 25, 512, 512>::negotiateTopics()
 .text._ZN3ros11NodeHandle_I12MbedHardwareLi25ELi25ELi512ELi512EE8syncTimeEPh
                0x00000000080017f8       0x94 ./BUILD/NUCLEO_F411RE/GCC_ARM/./main.o
                0x00000000080017f8                ros::NodeHandle_<MbedHardware, 25, 25, 512, 512>::syncTime(unsigned char*)
 .text.startup._GLOBAL__sub_I_init
                0x000000000800188c      0x14c ./BUILD/NUCLEO_F411RE/GCC_ARM/./main.o
 .text._ZN3ros11NodeHandle_I12MbedHardwareLi25ELi25ELi512ELi512EE8spinOnceEv
                0x00000000080019d8      0x20c ./BUILD/NUCLEO_F411RE/GCC_ARM/./main.o
                0x00000000080019d8                ros::NodeHandle_<MbedHardware, 25, 25, 512, 512>::spinOnce()
 *fill*         0x0000000008001be4        0x4 
 .text.startup.main
                0x0000000008001be8      0x78c ./BUILD/NUCLEO_F411RE/GCC_ARM/./main.o
                0x0000000008001be8                main
 .text._ZN3ros11NodeHandle_I12MbedHardwareLi25ELi25ELi512ELi512EE7publishEiPKNS_3MsgE
                0x0000000008002374       0xcc ./BUILD/NUCLEO_F411RE/GCC_ARM/./main.o
                0x0000000008002374                ros::NodeHandle_<MbedHardware, 25, 25, 512, 512>::publish(int, ros::Msg const*)
 .text._ZN3ros11NodeHandle_I12MbedHardwareLi25ELi25ELi512ELi512EED2Ev
                0x0000000008002440       0x18 ./BUILD/NUCLEO_F411RE/GCC_ARM/./main.o
                0x0000000008002440                ros::NodeHandle_<MbedHardware, 25, 25, 512, 512>::~NodeHandle_()
                0x0000000008002440                ros::NodeHandle_<MbedHardware, 25, 25, 512, 512>::~NodeHandle_()
 .text.gpio_write
                0x0000000008002458       0x30 ./BUILD/NUCLEO_F411RE/GCC_ARM/X_NUCLEO_IHM04A1/Components/L6206/L6206.o
 .text.gpio_read
                0x0000000008002488       0x30 ./BUILD/NUCLEO_F411RE/GCC_ARM/X_NUCLEO_IHM04A1/Components/L6206/L6206.o
 .text._ZN4mbed12DigitalInOut6outputEv
                0x00000000080024b8       0x18 ./BUILD/NUCLEO_F411RE/GCC_ARM/X_NUCLEO_IHM04A1/Components/L6206/L6206.o
                0x00000000080024b8                mbed::DigitalInOut::output()
 .text._ZN4mbed12DigitalInOut5inputEv
                0x00000000080024d0       0x18 ./BUILD/NUCLEO_F411RE/GCC_ARM/X_NUCLEO_IHM04A1/Components/L6206/L6206.o
                0x00000000080024d0                mbed::DigitalInOut::input()
 .text._ZN4mbed6PwmOut5writeEf
                0x00000000080024e8       0x1a ./BUILD/NUCLEO_F411RE/GCC_ARM/X_NUCLEO_IHM04A1/Components/L6206/L6206.o
                0x00000000080024e8                mbed::PwmOut::write(float)
 .text._ZN4mbed6PwmOut9period_usEi
                0x0000000008002502       0x1a ./BUILD/NUCLEO_F411RE/GCC_ARM/X_NUCLEO_IHM04A1/Components/L6206/L6206.o
                0x0000000008002502                mbed::PwmOut::period_us(int)
 .text._ZN5L620612L6206_OutValEhh
                0x000000000800251c       0x32 ./BUILD/NUCLEO_F411RE/GCC_ARM/X_NUCLEO_IHM04A1/Components/L6206/L6206.o
                0x000000000800251c                L6206::L6206_OutVal(unsigned char, unsigned char)
 .text._ZN5L620625L6206_Board_DisableBridgeEh
                0x000000000800254e       0x28 ./BUILD/NUCLEO_F411RE/GCC_ARM/X_NUCLEO_IHM04A1/Components/L6206/L6206.o
                0x000000000800254e                L6206::L6206_Board_DisableBridge(unsigned char)
 .text._ZN5L620624L6206_Board_EnableBridgeEhh
                0x0000000008002576       0x24 ./BUILD/NUCLEO_F411RE/GCC_ARM/X_NUCLEO_IHM04A1/Components/L6206/L6206.o
                0x0000000008002576                L6206::L6206_Board_EnableBridge(unsigned char, unsigned char)
 *fill*         0x000000000800259a        0x2 
 .text._ZN5L620622L6206_Board_PwmSetFreqEhmh
                0x000000000800259c       0x80 ./BUILD/NUCLEO_F411RE/GCC_ARM/X_NUCLEO_IHM04A1/Components/L6206/L6206.o
                0x000000000800259c                L6206::L6206_Board_PwmSetFreq(unsigned char, unsigned long, unsigned char)
 .text._ZN5L620619L6206_Board_PwmStopEh
                0x000000000800261c       0x2c ./BUILD/NUCLEO_F411RE/GCC_ARM/X_NUCLEO_IHM04A1/Components/L6206/L6206.o
                0x000000000800261c                L6206::L6206_Board_PwmStop(unsigned char)
 .text._ZN5L620624L6206_AttachErrorHandlerEPFvtE
                0x0000000008002648        0x6 ./BUILD/NUCLEO_F411RE/GCC_ARM/X_NUCLEO_IHM04A1/Components/L6206/L6206.o
                0x0000000008002648                L6206::L6206_AttachErrorHandler(void (*)(unsigned short))
 .text._ZN5L620627L6206_attach_flag_interruptEPFvvE
                0x000000000800264e        0x6 ./BUILD/NUCLEO_F411RE/GCC_ARM/X_NUCLEO_IHM04A1/Components/L6206/L6206.o
                0x000000000800264e                L6206::L6206_attach_flag_interrupt(void (*)())
 .text._ZN5L620619L6206_DisableBridgeEh
                0x0000000008002654       0x38 ./BUILD/NUCLEO_F411RE/GCC_ARM/X_NUCLEO_IHM04A1/Components/L6206/L6206.o
                0x0000000008002654                L6206::L6206_DisableBridge(unsigned char)
 .text._ZN5L620618L6206_EnableBridgeEh
                0x000000000800268c       0x44 ./BUILD/NUCLEO_F411RE/GCC_ARM/X_NUCLEO_IHM04A1/Components/L6206/L6206.o
                0x000000000800268c                L6206::L6206_EnableBridge(unsigned char)
 .text._ZN5L620627L6206_GetBridgeInputPwmFreqEh
                0x00000000080026d0        0xa ./BUILD/NUCLEO_F411RE/GCC_ARM/X_NUCLEO_IHM04A1/Components/L6206/L6206.o
                0x00000000080026d0                L6206::L6206_GetBridgeInputPwmFreq(unsigned char)
 .text._ZN5L620618L6206_GetFwVersionEv
                0x00000000080026da        0x4 ./BUILD/NUCLEO_F411RE/GCC_ARM/X_NUCLEO_IHM04A1/Components/L6206/L6206.o
                0x00000000080026da                L6206::L6206_GetFwVersion()
 .text._ZN5L620621L6206_GetBridgeStatusEh
                0x00000000080026de       0x1e ./BUILD/NUCLEO_F411RE/GCC_ARM/X_NUCLEO_IHM04A1/Components/L6206/L6206.o
                0x00000000080026de                L6206::L6206_GetBridgeStatus(unsigned char)
 .text._ZN5L620612L6206_ReadIdEPh
                0x00000000080026fc        0xa ./BUILD/NUCLEO_F411RE/GCC_ARM/X_NUCLEO_IHM04A1/Components/L6206/L6206.o
                0x00000000080026fc                L6206::L6206_ReadId(unsigned char*)
 .text._ZN5L620629L6206_SetDualFullBridgeConfigEh
                0x0000000008002706        0x6 ./BUILD/NUCLEO_F411RE/GCC_ARM/X_NUCLEO_IHM04A1/Components/L6206/L6206.o
                0x0000000008002706                L6206::L6206_SetDualFullBridgeConfig(unsigned char)
 .text._ZN5L620618L6206_SetNbDevicesEh
                0x000000000800270c        0xa ./BUILD/NUCLEO_F411RE/GCC_ARM/X_NUCLEO_IHM04A1/Components/L6206/L6206.o
                0x000000000800270c                L6206::L6206_SetNbDevices(unsigned char)
 .text._ZN5L620618L6206_ErrorHandlerEt
                0x0000000008002716        0xc ./BUILD/NUCLEO_F411RE/GCC_ARM/X_NUCLEO_IHM04A1/Components/L6206/L6206.o
                0x0000000008002716                L6206::L6206_ErrorHandler(unsigned short)
 *fill*         0x0000000008002722        0x2 
 .text._ZN5L620621L6206_GetCurrentSpeedEh
                0x0000000008002724       0x34 ./BUILD/NUCLEO_F411RE/GCC_ARM/X_NUCLEO_IHM04A1/Components/L6206/L6206.o
                0x0000000008002724                L6206::L6206_GetCurrentSpeed(unsigned char)
 .text._ZN5L620622L6206_get_device_stateEh
                0x0000000008002758       0x28 ./BUILD/NUCLEO_F411RE/GCC_ARM/X_NUCLEO_IHM04A1/Components/L6206/L6206.o
                0x0000000008002758                L6206::L6206_get_device_state(unsigned char)
 .text._ZN5L620617L6206_GetMaxSpeedEh
                0x0000000008002780       0x28 ./BUILD/NUCLEO_F411RE/GCC_ARM/X_NUCLEO_IHM04A1/Components/L6206/L6206.o
                0x0000000008002780                L6206::L6206_GetMaxSpeed(unsigned char)
 .text._ZN5L620626L6206_FlagInterruptHandlerEv
                0x00000000080027a8       0x5a ./BUILD/NUCLEO_F411RE/GCC_ARM/X_NUCLEO_IHM04A1/Components/L6206/L6206.o
                0x00000000080027a8                L6206::L6206_FlagInterruptHandler()
 .text._ZN5L620630L6206_GetBridgeIdUsedByMotorIdEh
                0x0000000008002802       0x32 ./BUILD/NUCLEO_F411RE/GCC_ARM/X_NUCLEO_IHM04A1/Components/L6206/L6206.o
                0x0000000008002802                L6206::L6206_GetBridgeIdUsedByMotorId(unsigned char)
 .text._ZN5L620632L6206_GetMotorIdUsingbridgeInputEh
                0x0000000008002834       0x52 ./BUILD/NUCLEO_F411RE/GCC_ARM/X_NUCLEO_IHM04A1/Components/L6206/L6206.o
                0x0000000008002834                L6206::L6206_GetMotorIdUsingbridgeInput(unsigned char)
 .text._ZN5L620633L6206_GetBridgeInputUsedByMotorIdEh
                0x0000000008002886       0x96 ./BUILD/NUCLEO_F411RE/GCC_ARM/X_NUCLEO_IHM04A1/Components/L6206/L6206.o
                0x0000000008002886                L6206::L6206_GetBridgeInputUsedByMotorId(unsigned char)
 .text._ZN5L620639L6206_GetSecondBridgeInputUsedByMotorIdEh
                0x000000000800291c       0x68 ./BUILD/NUCLEO_F411RE/GCC_ARM/X_NUCLEO_IHM04A1/Components/L6206/L6206.o
                0x000000000800291c                L6206::L6206_GetSecondBridgeInputUsedByMotorId(unsigned char)
 .text._ZN5L620627L6206_IsBidirectionnalMotorEh
                0x0000000008002984       0x36 ./BUILD/NUCLEO_F411RE/GCC_ARM/X_NUCLEO_IHM04A1/Components/L6206/L6206.o
                0x0000000008002984                L6206::L6206_IsBidirectionnalMotor(unsigned char)
 *fill*         0x00000000080029ba        0x2 
 .text._ZN5L620614L6206_HardStopEh
                0x00000000080029bc       0x5c ./BUILD/NUCLEO_F411RE/GCC_ARM/X_NUCLEO_IHM04A1/Components/L6206/L6206.o
                0x00000000080029bc                L6206::L6206_HardStop(unsigned char)
 .text._ZN5L620613L6206_HardHizEh
                0x0000000008002a18       0x88 ./BUILD/NUCLEO_F411RE/GCC_ARM/X_NUCLEO_IHM04A1/Components/L6206/L6206.o
                0x0000000008002a18                L6206::L6206_HardHiz(unsigned char)
 .text._ZN5L62069L6206_RunEh10motorDir_t
                0x0000000008002aa0       0xb4 ./BUILD/NUCLEO_F411RE/GCC_ARM/X_NUCLEO_IHM04A1/Components/L6206/L6206.o
                0x0000000008002aa0                L6206::L6206_Run(unsigned char, motorDir_t)
 .text._ZN5L620617L6206_SetMaxSpeedEht
                0x0000000008002b54       0x78 ./BUILD/NUCLEO_F411RE/GCC_ARM/X_NUCLEO_IHM04A1/Components/L6206/L6206.o
                0x0000000008002b54                L6206::L6206_SetMaxSpeed(unsigned char, unsigned short)
 .text._ZN5L620627L6206_SetBridgeInputPwmFreqEhm
                0x0000000008002bcc       0x90 ./BUILD/NUCLEO_F411RE/GCC_ARM/X_NUCLEO_IHM04A1/Components/L6206/L6206.o
                0x0000000008002bcc                L6206::L6206_SetBridgeInputPwmFreq(unsigned char, unsigned long)
 .text._ZN5L620639L6206_SetDeviceParamsToPredefinedValuesEv
                0x0000000008002c5c       0x54 ./BUILD/NUCLEO_F411RE/GCC_ARM/X_NUCLEO_IHM04A1/Components/L6206/L6206.o
                0x0000000008002c5c                L6206::L6206_SetDeviceParamsToPredefinedValues()
 .text._ZN5L620634L6206_SetDeviceParamsToGivenValuesEP14deviceParams_t
                0x0000000008002cb0        0xa ./BUILD/NUCLEO_F411RE/GCC_ARM/X_NUCLEO_IHM04A1/Components/L6206/L6206.o
                0x0000000008002cb0                L6206::L6206_SetDeviceParamsToGivenValues(deviceParams_t*)
 .text._ZN5L620610L6206_InitEPv
                0x0000000008002cba       0x6a ./BUILD/NUCLEO_F411RE/GCC_ARM/X_NUCLEO_IHM04A1/Components/L6206/L6206.o
                0x0000000008002cba                L6206::L6206_Init(void*)
 .text._ZN10TempSensor14get_fahrenheitEPf
                0x0000000008002d24       0x30 ./BUILD/NUCLEO_F411RE/GCC_ARM/X_NUCLEO_IKS01A2/Components/HTS221/HTS221Sensor.o
                0x0000000008002d24                TempSensor::get_fahrenheit(float*)
 .text._ZN12HTS221Sensor7read_idEPh
                0x0000000008002d54       0x14 ./BUILD/NUCLEO_F411RE/GCC_ARM/X_NUCLEO_IKS01A2/Components/HTS221/HTS221Sensor.o
                0x0000000008002d54                HTS221Sensor::read_id(unsigned char*)
 .text._ZThn4_N12HTS221Sensor7read_idEPh
                0x0000000008002d68        0x8 ./BUILD/NUCLEO_F411RE/GCC_ARM/X_NUCLEO_IKS01A2/Components/HTS221/HTS221Sensor.o
                0x0000000008002d68                non-virtual thunk to HTS221Sensor::read_id(unsigned char*)
 .text._ZN12HTS221Sensor12get_humidityEPf
                0x0000000008002d70       0x32 ./BUILD/NUCLEO_F411RE/GCC_ARM/X_NUCLEO_IKS01A2/Components/HTS221/HTS221Sensor.o
                0x0000000008002d70                HTS221Sensor::get_humidity(float*)
 .text._ZN12HTS221Sensor15get_temperatureEPf
                0x0000000008002da2       0x32 ./BUILD/NUCLEO_F411RE/GCC_ARM/X_NUCLEO_IKS01A2/Components/HTS221/HTS221Sensor.o
                0x0000000008002da2                HTS221Sensor::get_temperature(float*)
 .text._ZThn4_N12HTS221Sensor15get_temperatureEPf
                0x0000000008002dd4        0x8 ./BUILD/NUCLEO_F411RE/GCC_ARM/X_NUCLEO_IKS01A2/Components/HTS221/HTS221Sensor.o
                0x0000000008002dd4                non-virtual thunk to HTS221Sensor::get_temperature(float*)
 .text._ZN12HTS221SensorC2EP6DevI2Ch7PinName
                0x0000000008002ddc       0x58 ./BUILD/NUCLEO_F411RE/GCC_ARM/X_NUCLEO_IKS01A2/Components/HTS221/HTS221Sensor.o
                0x0000000008002ddc                HTS221Sensor::HTS221Sensor(DevI2C*, unsigned char, PinName)
                0x0000000008002ddc                HTS221Sensor::HTS221Sensor(DevI2C*, unsigned char, PinName)
 .text._ZN12HTS221Sensor6enableEv
                0x0000000008002e34        0xe ./BUILD/NUCLEO_F411RE/GCC_ARM/X_NUCLEO_IKS01A2/Components/HTS221/HTS221Sensor.o
                0x0000000008002e34                HTS221Sensor::enable()
 .text._ZN12HTS221Sensor7set_odrEf
                0x0000000008002e42       0x36 ./BUILD/NUCLEO_F411RE/GCC_ARM/X_NUCLEO_IKS01A2/Components/HTS221/HTS221Sensor.o
                0x0000000008002e42                HTS221Sensor::set_odr(float)
 .text._ZN12HTS221Sensor4initEPv
                0x0000000008002e78       0x2e ./BUILD/NUCLEO_F411RE/GCC_ARM/X_NUCLEO_IKS01A2/Components/HTS221/HTS221Sensor.o
                0x0000000008002e78                HTS221Sensor::init(void*)
 .text._ZThn4_N12HTS221Sensor4initEPv
                0x0000000008002ea6        0x8 ./BUILD/NUCLEO_F411RE/GCC_ARM/X_NUCLEO_IKS01A2/Components/HTS221/HTS221Sensor.o
                0x0000000008002ea6                non-virtual thunk to HTS221Sensor::init(void*)
 .text.HTS221_io_write
                0x0000000008002eae       0x46 ./BUILD/NUCLEO_F411RE/GCC_ARM/X_NUCLEO_IKS01A2/Components/HTS221/HTS221Sensor.o
                0x0000000008002eae                HTS221_io_write
 .text.HTS221_io_read
                0x0000000008002ef4       0x42 ./BUILD/NUCLEO_F411RE/GCC_ARM/X_NUCLEO_IKS01A2/Components/HTS221/HTS221Sensor.o
                0x0000000008002ef4                HTS221_io_read
 *fill*         0x0000000008002f36        0x2 
 .text._ZN12HTS221SensorD2Ev
                0x0000000008002f38       0x28 ./BUILD/NUCLEO_F411RE/GCC_ARM/X_NUCLEO_IKS01A2/Components/HTS221/HTS221Sensor.o
                0x0000000008002f38                HTS221Sensor::~HTS221Sensor()
                0x0000000008002f38                HTS221Sensor::~HTS221Sensor()
                0x0000000008002f58                non-virtual thunk to HTS221Sensor::~HTS221Sensor()
 .text._ZN12HTS221SensorD0Ev
                0x0000000008002f60       0x18 ./BUILD/NUCLEO_F411RE/GCC_ARM/X_NUCLEO_IKS01A2/Components/HTS221/HTS221Sensor.o
                0x0000000008002f60                HTS221Sensor::~HTS221Sensor()
                0x0000000008002f72                non-virtual thunk to HTS221Sensor::~HTS221Sensor()
 .text.HTS221_read_reg
                0x0000000008002f78       0x1c ./BUILD/NUCLEO_F411RE/GCC_ARM/X_NUCLEO_IKS01A2/Components/HTS221/HTS221_driver.o
                0x0000000008002f78                HTS221_read_reg
 .text.HTS221_write_reg
                0x0000000008002f94       0x1c ./BUILD/NUCLEO_F411RE/GCC_ARM/X_NUCLEO_IKS01A2/Components/HTS221/HTS221_driver.o
                0x0000000008002f94                HTS221_write_reg
 .text.HTS221_Get_DeviceID
                0x0000000008002fb0       0x14 ./BUILD/NUCLEO_F411RE/GCC_ARM/X_NUCLEO_IKS01A2/Components/HTS221/HTS221_driver.o
                0x0000000008002fb0                HTS221_Get_DeviceID
 .text.HTS221_Get_Humidity
                0x0000000008002fc4       0xfc ./BUILD/NUCLEO_F411RE/GCC_ARM/X_NUCLEO_IKS01A2/Components/HTS221/HTS221_driver.o
                0x0000000008002fc4                HTS221_Get_Humidity
 .text.HTS221_Get_Temperature
                0x00000000080030c0       0xee ./BUILD/NUCLEO_F411RE/GCC_ARM/X_NUCLEO_IKS01A2/Components/HTS221/HTS221_driver.o
                0x00000000080030c0                HTS221_Get_Temperature
 .text.HTS221_Activate
                0x00000000080031ae       0x3a ./BUILD/NUCLEO_F411RE/GCC_ARM/X_NUCLEO_IKS01A2/Components/HTS221/HTS221_driver.o
                0x00000000080031ae                HTS221_Activate
 .text.HTS221_DeActivate
                0x00000000080031e8       0x3a ./BUILD/NUCLEO_F411RE/GCC_ARM/X_NUCLEO_IKS01A2/Components/HTS221/HTS221_driver.o
                0x00000000080031e8                HTS221_DeActivate
 *fill*         0x0000000008003222        0x2 
 .text.HTS221_assert_failed
                0x0000000008003224       0x14 ./BUILD/NUCLEO_F411RE/GCC_ARM/X_NUCLEO_IKS01A2/Components/HTS221/HTS221_driver.o
                0x0000000008003224                HTS221_assert_failed
 .text.HTS221_Set_BduMode
                0x0000000008003238       0x54 ./BUILD/NUCLEO_F411RE/GCC_ARM/X_NUCLEO_IKS01A2/Components/HTS221/HTS221_driver.o
                0x0000000008003238                HTS221_Set_BduMode
 .text.HTS221_Set_Odr
                0x000000000800328c       0x50 ./BUILD/NUCLEO_F411RE/GCC_ARM/X_NUCLEO_IKS01A2/Components/HTS221/HTS221_driver.o
                0x000000000800328c                HTS221_Set_Odr
 .text._ZN13LPS22HBSensor7read_idEPh
                0x00000000080032dc       0x14 ./BUILD/NUCLEO_F411RE/GCC_ARM/X_NUCLEO_IKS01A2/Components/LPS22HB/LPS22HBSensor.o
                0x00000000080032dc                LPS22HBSensor::read_id(unsigned char*)
 .text._ZThn4_N13LPS22HBSensor7read_idEPh
                0x00000000080032f0        0x8 ./BUILD/NUCLEO_F411RE/GCC_ARM/X_NUCLEO_IKS01A2/Components/LPS22HB/LPS22HBSensor.o
                0x00000000080032f0                non-virtual thunk to LPS22HBSensor::read_id(unsigned char*)
 .text._ZN13LPS22HBSensor12get_pressureEPf
                0x00000000080032f8       0x34 ./BUILD/NUCLEO_F411RE/GCC_ARM/X_NUCLEO_IKS01A2/Components/LPS22HB/LPS22HBSensor.o
                0x00000000080032f8                LPS22HBSensor::get_pressure(float*)
 .text._ZN13LPS22HBSensor15get_temperatureEPf
                0x000000000800332c       0x32 ./BUILD/NUCLEO_F411RE/GCC_ARM/X_NUCLEO_IKS01A2/Components/LPS22HB/LPS22HBSensor.o
                0x000000000800332c                LPS22HBSensor::get_temperature(float*)
 .text._ZThn4_N13LPS22HBSensor15get_temperatureEPf
                0x000000000800335e        0x8 ./BUILD/NUCLEO_F411RE/GCC_ARM/X_NUCLEO_IKS01A2/Components/LPS22HB/LPS22HBSensor.o
                0x000000000800335e                non-virtual thunk to LPS22HBSensor::get_temperature(float*)
 *fill*         0x0000000008003366        0x2 
 .text._ZN13LPS22HBSensor4initEPv
                0x0000000008003368       0x60 ./BUILD/NUCLEO_F411RE/GCC_ARM/X_NUCLEO_IKS01A2/Components/LPS22HB/LPS22HBSensor.o
                0x0000000008003368                LPS22HBSensor::init(void*)
 .text._ZThn4_N13LPS22HBSensor4initEPv
                0x00000000080033c8        0x8 ./BUILD/NUCLEO_F411RE/GCC_ARM/X_NUCLEO_IKS01A2/Components/LPS22HB/LPS22HBSensor.o
                0x00000000080033c8                non-virtual thunk to LPS22HBSensor::init(void*)
 .text._ZN13LPS22HBSensorC2EP6DevI2Ch7PinName
                0x00000000080033d0       0x58 ./BUILD/NUCLEO_F411RE/GCC_ARM/X_NUCLEO_IKS01A2/Components/LPS22HB/LPS22HBSensor.o
                0x00000000080033d0                LPS22HBSensor::LPS22HBSensor(DevI2C*, unsigned char, PinName)
                0x00000000080033d0                LPS22HBSensor::LPS22HBSensor(DevI2C*, unsigned char, PinName)
 .text._ZN13LPS22HBSensor7get_odrEPf
                0x0000000008003428       0x6c ./BUILD/NUCLEO_F411RE/GCC_ARM/X_NUCLEO_IKS01A2/Components/LPS22HB/LPS22HBSensor.o
                0x0000000008003428                LPS22HBSensor::get_odr(float*)
 .text._ZN13LPS22HBSensor20Set_ODR_When_EnabledEf
                0x0000000008003494       0x70 ./BUILD/NUCLEO_F411RE/GCC_ARM/X_NUCLEO_IKS01A2/Components/LPS22HB/LPS22HBSensor.o
                0x0000000008003494                LPS22HBSensor::Set_ODR_When_Enabled(float)
 .text._ZN13LPS22HBSensor6enableEv
                0x0000000008003504       0x20 ./BUILD/NUCLEO_F411RE/GCC_ARM/X_NUCLEO_IKS01A2/Components/LPS22HB/LPS22HBSensor.o
                0x0000000008003504                LPS22HBSensor::enable()
 .text.LPS22HB_io_write
                0x0000000008003524       0x46 ./BUILD/NUCLEO_F411RE/GCC_ARM/X_NUCLEO_IKS01A2/Components/LPS22HB/LPS22HBSensor.o
                0x0000000008003524                LPS22HB_io_write
 .text.LPS22HB_io_read
                0x000000000800356a       0x42 ./BUILD/NUCLEO_F411RE/GCC_ARM/X_NUCLEO_IKS01A2/Components/LPS22HB/LPS22HBSensor.o
                0x000000000800356a                LPS22HB_io_read
 .text._ZN13LPS22HBSensorD2Ev
                0x00000000080035ac       0x28 ./BUILD/NUCLEO_F411RE/GCC_ARM/X_NUCLEO_IKS01A2/Components/LPS22HB/LPS22HBSensor.o
                0x00000000080035ac                LPS22HBSensor::~LPS22HBSensor()
                0x00000000080035ac                LPS22HBSensor::~LPS22HBSensor()
                0x00000000080035cc                non-virtual thunk to LPS22HBSensor::~LPS22HBSensor()
 .text._ZN13LPS22HBSensorD0Ev
                0x00000000080035d4       0x18 ./BUILD/NUCLEO_F411RE/GCC_ARM/X_NUCLEO_IKS01A2/Components/LPS22HB/LPS22HBSensor.o
                0x00000000080035d4                LPS22HBSensor::~LPS22HBSensor()
                0x00000000080035e6                non-virtual thunk to LPS22HBSensor::~LPS22HBSensor()
 .text.LPS22HB_read_reg
                0x00000000080035ec       0x14 ./BUILD/NUCLEO_F411RE/GCC_ARM/X_NUCLEO_IKS01A2/Components/LPS22HB/LPS22HB_driver.o
                0x00000000080035ec                LPS22HB_read_reg
 .text.LPS22HB_write_reg
                0x0000000008003600       0x14 ./BUILD/NUCLEO_F411RE/GCC_ARM/X_NUCLEO_IKS01A2/Components/LPS22HB/LPS22HB_driver.o
                0x0000000008003600                LPS22HB_write_reg
 .text.LPS22HB_Get_DeviceID
                0x0000000008003614       0x14 ./BUILD/NUCLEO_F411RE/GCC_ARM/X_NUCLEO_IKS01A2/Components/LPS22HB/LPS22HB_driver.o
                0x0000000008003614                LPS22HB_Get_DeviceID
 .text.LPS22HB_Set_PowerMode
                0x0000000008003628       0x3e ./BUILD/NUCLEO_F411RE/GCC_ARM/X_NUCLEO_IKS01A2/Components/LPS22HB/LPS22HB_driver.o
                0x0000000008003628                LPS22HB_Set_PowerMode
 .text.LPS22HB_Set_Odr
                0x0000000008003666       0x3e ./BUILD/NUCLEO_F411RE/GCC_ARM/X_NUCLEO_IKS01A2/Components/LPS22HB/LPS22HB_driver.o
                0x0000000008003666                LPS22HB_Set_Odr
 .text.LPS22HB_Get_Odr
                0x00000000080036a4       0x24 ./BUILD/NUCLEO_F411RE/GCC_ARM/X_NUCLEO_IKS01A2/Components/LPS22HB/LPS22HB_driver.o
                0x00000000080036a4                LPS22HB_Get_Odr
 .text.LPS22HB_Set_LowPassFilter
                0x00000000080036c8       0x40 ./BUILD/NUCLEO_F411RE/GCC_ARM/X_NUCLEO_IKS01A2/Components/LPS22HB/LPS22HB_driver.o
                0x00000000080036c8                LPS22HB_Set_LowPassFilter
 .text.LPS22HB_Set_LowPassFilterCutoff
                0x0000000008003708       0x3e ./BUILD/NUCLEO_F411RE/GCC_ARM/X_NUCLEO_IKS01A2/Components/LPS22HB/LPS22HB_driver.o
                0x0000000008003708                LPS22HB_Set_LowPassFilterCutoff
 .text.LPS22HB_Set_Bdu
                0x0000000008003746       0x3c ./BUILD/NUCLEO_F411RE/GCC_ARM/X_NUCLEO_IKS01A2/Components/LPS22HB/LPS22HB_driver.o
                0x0000000008003746                LPS22HB_Set_Bdu
 .text.LPS22HB_Set_AutomaticIncrementRegAddress
                0x0000000008003782       0x40 ./BUILD/NUCLEO_F411RE/GCC_ARM/X_NUCLEO_IKS01A2/Components/LPS22HB/LPS22HB_driver.o
                0x0000000008003782                LPS22HB_Set_AutomaticIncrementRegAddress
 .text.LPS22HB_Get_RawPressure
                0x00000000080037c2       0x36 ./BUILD/NUCLEO_F411RE/GCC_ARM/X_NUCLEO_IKS01A2/Components/LPS22HB/LPS22HB_driver.o
                0x00000000080037c2                LPS22HB_Get_RawPressure
 .text.LPS22HB_Get_Pressure
                0x00000000080037f8       0x24 ./BUILD/NUCLEO_F411RE/GCC_ARM/X_NUCLEO_IKS01A2/Components/LPS22HB/LPS22HB_driver.o
                0x00000000080037f8                LPS22HB_Get_Pressure
 .text.LPS22HB_Get_RawTemperature
                0x000000000800381c       0x26 ./BUILD/NUCLEO_F411RE/GCC_ARM/X_NUCLEO_IKS01A2/Components/LPS22HB/LPS22HB_driver.o
                0x000000000800381c                LPS22HB_Get_RawTemperature
 .text.LPS22HB_Get_Temperature
                0x0000000008003842       0x22 ./BUILD/NUCLEO_F411RE/GCC_ARM/X_NUCLEO_IKS01A2/Components/LPS22HB/LPS22HB_driver.o
                0x0000000008003842                LPS22HB_Get_Temperature
 .text._ZN18LSM303AGRAccSensor7read_idEPh
                0x0000000008003864       0x14 ./BUILD/NUCLEO_F411RE/GCC_ARM/X_NUCLEO_IKS01A2/Components/LSM303AGR/LSM303AGRAccSensor.o
                0x0000000008003864                LSM303AGRAccSensor::read_id(unsigned char*)
 .text._ZN18LSM303AGRAccSensor10get_x_axesEPl
                0x0000000008003878       0x22 ./BUILD/NUCLEO_F411RE/GCC_ARM/X_NUCLEO_IKS01A2/Components/LSM303AGR/LSM303AGRAccSensor.o
                0x0000000008003878                LSM303AGRAccSensor::get_x_axes(long*)
 *fill*         0x000000000800389a        0x2 
 .text._ZN18LSM303AGRAccSensor8get_x_fsEPf
                0x000000000800389c       0x50 ./BUILD/NUCLEO_F411RE/GCC_ARM/X_NUCLEO_IKS01A2/Components/LSM303AGR/LSM303AGRAccSensor.o
                0x000000000800389c                LSM303AGRAccSensor::get_x_fs(float*)
 .text._ZN18LSM303AGRAccSensor14get_x_axes_rawEPs
                0x00000000080038ec       0x94 ./BUILD/NUCLEO_F411RE/GCC_ARM/X_NUCLEO_IKS01A2/Components/LSM303AGR/LSM303AGRAccSensor.o
                0x00000000080038ec                LSM303AGRAccSensor::get_x_axes_raw(short*)
 .text._ZN18LSM303AGRAccSensor9get_x_odrEPf
                0x0000000008003980       0x84 ./BUILD/NUCLEO_F411RE/GCC_ARM/X_NUCLEO_IKS01A2/Components/LSM303AGR/LSM303AGRAccSensor.o
                0x0000000008003980                LSM303AGRAccSensor::get_x_odr(float*)
 .text._ZN18LSM303AGRAccSensor8set_x_fsEf
                0x0000000008003a04       0x48 ./BUILD/NUCLEO_F411RE/GCC_ARM/X_NUCLEO_IKS01A2/Components/LSM303AGR/LSM303AGRAccSensor.o
                0x0000000008003a04                LSM303AGRAccSensor::set_x_fs(float)
 .text._ZN18LSM303AGRAccSensor4initEPv
                0x0000000008003a4c       0x70 ./BUILD/NUCLEO_F411RE/GCC_ARM/X_NUCLEO_IKS01A2/Components/LSM303AGR/LSM303AGRAccSensor.o
                0x0000000008003a4c                LSM303AGRAccSensor::init(void*)
 .text._ZN18LSM303AGRAccSensorC2EP6DevI2Ch7PinNameS2_
                0x0000000008003abc       0x60 ./BUILD/NUCLEO_F411RE/GCC_ARM/X_NUCLEO_IKS01A2/Components/LSM303AGR/LSM303AGRAccSensor.o
                0x0000000008003abc                LSM303AGRAccSensor::LSM303AGRAccSensor(DevI2C*, unsigned char, PinName, PinName)
                0x0000000008003abc                LSM303AGRAccSensor::LSM303AGRAccSensor(DevI2C*, unsigned char, PinName, PinName)
 .text._ZN18LSM303AGRAccSensor29get_x_sensitivity_normal_modeEPf
                0x0000000008003b1c       0x58 ./BUILD/NUCLEO_F411RE/GCC_ARM/X_NUCLEO_IKS01A2/Components/LSM303AGR/LSM303AGRAccSensor.o
                0x0000000008003b1c                LSM303AGRAccSensor::get_x_sensitivity_normal_mode(float*)
 .text._ZN18LSM303AGRAccSensor25get_x_sensitivity_lp_modeEPf
                0x0000000008003b74       0x58 ./BUILD/NUCLEO_F411RE/GCC_ARM/X_NUCLEO_IKS01A2/Components/LSM303AGR/LSM303AGRAccSensor.o
                0x0000000008003b74                LSM303AGRAccSensor::get_x_sensitivity_lp_mode(float*)
 .text._ZN18LSM303AGRAccSensor25get_x_sensitivity_hr_modeEPf
                0x0000000008003bcc       0x58 ./BUILD/NUCLEO_F411RE/GCC_ARM/X_NUCLEO_IKS01A2/Components/LSM303AGR/LSM303AGRAccSensor.o
                0x0000000008003bcc                LSM303AGRAccSensor::get_x_sensitivity_hr_mode(float*)
 .text._ZN18LSM303AGRAccSensor17get_x_sensitivityEPf
                0x0000000008003c24       0x5e ./BUILD/NUCLEO_F411RE/GCC_ARM/X_NUCLEO_IKS01A2/Components/LSM303AGR/LSM303AGRAccSensor.o
                0x0000000008003c24                LSM303AGRAccSensor::get_x_sensitivity(float*)
 *fill*         0x0000000008003c82        0x2 
 .text._ZN18LSM303AGRAccSensor22set_x_odr_when_enabledEf
                0x0000000008003c84       0x8c ./BUILD/NUCLEO_F411RE/GCC_ARM/X_NUCLEO_IKS01A2/Components/LSM303AGR/LSM303AGRAccSensor.o
                0x0000000008003c84                LSM303AGRAccSensor::set_x_odr_when_enabled(float)
 .text._ZN18LSM303AGRAccSensor6enableEv
                0x0000000008003d10       0x22 ./BUILD/NUCLEO_F411RE/GCC_ARM/X_NUCLEO_IKS01A2/Components/LSM303AGR/LSM303AGRAccSensor.o
                0x0000000008003d10                LSM303AGRAccSensor::enable()
 *fill*         0x0000000008003d32        0x2 
 .text._ZN18LSM303AGRAccSensor23set_x_odr_when_disabledEf
                0x0000000008003d34       0x78 ./BUILD/NUCLEO_F411RE/GCC_ARM/X_NUCLEO_IKS01A2/Components/LSM303AGR/LSM303AGRAccSensor.o
                0x0000000008003d34                LSM303AGRAccSensor::set_x_odr_when_disabled(float)
 .text._ZN18LSM303AGRAccSensor9set_x_odrEf
                0x0000000008003dac       0x1c ./BUILD/NUCLEO_F411RE/GCC_ARM/X_NUCLEO_IKS01A2/Components/LSM303AGR/LSM303AGRAccSensor.o
                0x0000000008003dac                LSM303AGRAccSensor::set_x_odr(float)
 .text.LSM303AGR_ACC_io_write
                0x0000000008003dc8       0x46 ./BUILD/NUCLEO_F411RE/GCC_ARM/X_NUCLEO_IKS01A2/Components/LSM303AGR/LSM303AGRAccSensor.o
                0x0000000008003dc8                LSM303AGR_ACC_io_write
 .text.LSM303AGR_ACC_io_read
                0x0000000008003e0e       0x42 ./BUILD/NUCLEO_F411RE/GCC_ARM/X_NUCLEO_IKS01A2/Components/LSM303AGR/LSM303AGRAccSensor.o
                0x0000000008003e0e                LSM303AGR_ACC_io_read
 .text._ZN18LSM303AGRAccSensorD2Ev
                0x0000000008003e50       0x20 ./BUILD/NUCLEO_F411RE/GCC_ARM/X_NUCLEO_IKS01A2/Components/LSM303AGR/LSM303AGRAccSensor.o
                0x0000000008003e50                LSM303AGRAccSensor::~LSM303AGRAccSensor()
                0x0000000008003e50                LSM303AGRAccSensor::~LSM303AGRAccSensor()
 .text._ZN18LSM303AGRAccSensorD0Ev
                0x0000000008003e70       0x12 ./BUILD/NUCLEO_F411RE/GCC_ARM/X_NUCLEO_IKS01A2/Components/LSM303AGR/LSM303AGRAccSensor.o
                0x0000000008003e70                LSM303AGRAccSensor::~LSM303AGRAccSensor()
 .text._ZN18LSM303AGRMagSensor10get_m_axesEPl
                0x0000000008003e82       0x62 ./BUILD/NUCLEO_F411RE/GCC_ARM/X_NUCLEO_IKS01A2/Components/LSM303AGR/LSM303AGRMagSensor.o
                0x0000000008003e82                LSM303AGRMagSensor::get_m_axes(long*)
 .text._ZN18LSM303AGRMagSensor7read_idEPh
                0x0000000008003ee4       0x14 ./BUILD/NUCLEO_F411RE/GCC_ARM/X_NUCLEO_IKS01A2/Components/LSM303AGR/LSM303AGRMagSensor.o
                0x0000000008003ee4                LSM303AGRMagSensor::read_id(unsigned char*)
 .text._ZN18LSM303AGRMagSensor14get_m_axes_rawEPs
                0x0000000008003ef8       0x30 ./BUILD/NUCLEO_F411RE/GCC_ARM/X_NUCLEO_IKS01A2/Components/LSM303AGR/LSM303AGRMagSensor.o
                0x0000000008003ef8                LSM303AGRMagSensor::get_m_axes_raw(short*)
 .text._ZN18LSM303AGRMagSensorC2EP6DevI2Ch7PinName
                0x0000000008003f28       0x54 ./BUILD/NUCLEO_F411RE/GCC_ARM/X_NUCLEO_IKS01A2/Components/LSM303AGR/LSM303AGRMagSensor.o
                0x0000000008003f28                LSM303AGRMagSensor::LSM303AGRMagSensor(DevI2C*, unsigned char, PinName)
                0x0000000008003f28                LSM303AGRMagSensor::LSM303AGRMagSensor(DevI2C*, unsigned char, PinName)
 .text._ZN18LSM303AGRMagSensor6enableEv
                0x0000000008003f7c       0x10 ./BUILD/NUCLEO_F411RE/GCC_ARM/X_NUCLEO_IKS01A2/Components/LSM303AGR/LSM303AGRMagSensor.o
                0x0000000008003f7c                LSM303AGRMagSensor::enable()
 .text._ZN18LSM303AGRMagSensor9set_m_odrEf
                0x0000000008003f8c       0x4c ./BUILD/NUCLEO_F411RE/GCC_ARM/X_NUCLEO_IKS01A2/Components/LSM303AGR/LSM303AGRMagSensor.o
                0x0000000008003f8c                LSM303AGRMagSensor::set_m_odr(float)
 .text._ZN18LSM303AGRMagSensor4initEPv
                0x0000000008003fd8       0x3c ./BUILD/NUCLEO_F411RE/GCC_ARM/X_NUCLEO_IKS01A2/Components/LSM303AGR/LSM303AGRMagSensor.o
                0x0000000008003fd8                LSM303AGRMagSensor::init(void*)
 .text.LSM303AGR_MAG_io_write
                0x0000000008004014       0x46 ./BUILD/NUCLEO_F411RE/GCC_ARM/X_NUCLEO_IKS01A2/Components/LSM303AGR/LSM303AGRMagSensor.o
                0x0000000008004014                LSM303AGR_MAG_io_write
 .text.LSM303AGR_MAG_io_read
                0x000000000800405a       0x42 ./BUILD/NUCLEO_F411RE/GCC_ARM/X_NUCLEO_IKS01A2/Components/LSM303AGR/LSM303AGRMagSensor.o
                0x000000000800405a                LSM303AGR_MAG_io_read
 .text._ZN18LSM303AGRMagSensorD2Ev
                0x000000000800409c       0x18 ./BUILD/NUCLEO_F411RE/GCC_ARM/X_NUCLEO_IKS01A2/Components/LSM303AGR/LSM303AGRMagSensor.o
                0x000000000800409c                LSM303AGRMagSensor::~LSM303AGRMagSensor()
                0x000000000800409c                LSM303AGRMagSensor::~LSM303AGRMagSensor()
 .text._ZN18LSM303AGRMagSensorD0Ev
                0x00000000080040b4       0x12 ./BUILD/NUCLEO_F411RE/GCC_ARM/X_NUCLEO_IKS01A2/Components/LSM303AGR/LSM303AGRMagSensor.o
                0x00000000080040b4                LSM303AGRMagSensor::~LSM303AGRMagSensor()
 .text.LSM303AGR_ACC_read_reg
                0x00000000080040c6       0x10 ./BUILD/NUCLEO_F411RE/GCC_ARM/X_NUCLEO_IKS01A2/Components/LSM303AGR/LSM303AGR_acc_driver.o
                0x00000000080040c6                LSM303AGR_ACC_read_reg
 .text.LSM303AGR_ACC_write_reg
                0x00000000080040d6       0x1a ./BUILD/NUCLEO_F411RE/GCC_ARM/X_NUCLEO_IKS01A2/Components/LSM303AGR/LSM303AGR_acc_driver.o
                0x00000000080040d6                LSM303AGR_ACC_write_reg
 .text.LSM303AGR_ACC_R_WHO_AM_I
                0x00000000080040f0       0x12 ./BUILD/NUCLEO_F411RE/GCC_ARM/X_NUCLEO_IKS01A2/Components/LSM303AGR/LSM303AGR_acc_driver.o
                0x00000000080040f0                LSM303AGR_ACC_R_WHO_AM_I
 .text.LSM303AGR_ACC_W_XEN
                0x0000000008004102       0x32 ./BUILD/NUCLEO_F411RE/GCC_ARM/X_NUCLEO_IKS01A2/Components/LSM303AGR/LSM303AGR_acc_driver.o
                0x0000000008004102                LSM303AGR_ACC_W_XEN
 .text.LSM303AGR_ACC_W_YEN
                0x0000000008004134       0x32 ./BUILD/NUCLEO_F411RE/GCC_ARM/X_NUCLEO_IKS01A2/Components/LSM303AGR/LSM303AGR_acc_driver.o
                0x0000000008004134                LSM303AGR_ACC_W_YEN
 .text.LSM303AGR_ACC_W_ZEN
                0x0000000008004166       0x32 ./BUILD/NUCLEO_F411RE/GCC_ARM/X_NUCLEO_IKS01A2/Components/LSM303AGR/LSM303AGR_acc_driver.o
                0x0000000008004166                LSM303AGR_ACC_W_ZEN
 .text.LSM303AGR_ACC_R_LOWPWR_EN
                0x0000000008004198       0x1a ./BUILD/NUCLEO_F411RE/GCC_ARM/X_NUCLEO_IKS01A2/Components/LSM303AGR/LSM303AGR_acc_driver.o
                0x0000000008004198                LSM303AGR_ACC_R_LOWPWR_EN
 .text.LSM303AGR_ACC_W_ODR
                0x00000000080041b2       0x32 ./BUILD/NUCLEO_F411RE/GCC_ARM/X_NUCLEO_IKS01A2/Components/LSM303AGR/LSM303AGR_acc_driver.o
                0x00000000080041b2                LSM303AGR_ACC_W_ODR
 .text.LSM303AGR_ACC_R_ODR
                0x00000000080041e4       0x1a ./BUILD/NUCLEO_F411RE/GCC_ARM/X_NUCLEO_IKS01A2/Components/LSM303AGR/LSM303AGR_acc_driver.o
                0x00000000080041e4                LSM303AGR_ACC_R_ODR
 .text.LSM303AGR_ACC_R_HiRes
                0x00000000080041fe       0x1a ./BUILD/NUCLEO_F411RE/GCC_ARM/X_NUCLEO_IKS01A2/Components/LSM303AGR/LSM303AGR_acc_driver.o
                0x00000000080041fe                LSM303AGR_ACC_R_HiRes
 .text.LSM303AGR_ACC_W_FullScale
                0x0000000008004218       0x32 ./BUILD/NUCLEO_F411RE/GCC_ARM/X_NUCLEO_IKS01A2/Components/LSM303AGR/LSM303AGR_acc_driver.o
                0x0000000008004218                LSM303AGR_ACC_W_FullScale
 .text.LSM303AGR_ACC_R_FullScale
                0x000000000800424a       0x1a ./BUILD/NUCLEO_F411RE/GCC_ARM/X_NUCLEO_IKS01A2/Components/LSM303AGR/LSM303AGR_acc_driver.o
                0x000000000800424a                LSM303AGR_ACC_R_FullScale
 .text.LSM303AGR_ACC_W_BlockDataUpdate
                0x0000000008004264       0x32 ./BUILD/NUCLEO_F411RE/GCC_ARM/X_NUCLEO_IKS01A2/Components/LSM303AGR/LSM303AGR_acc_driver.o
                0x0000000008004264                LSM303AGR_ACC_W_BlockDataUpdate
 .text.LSM303AGR_ACC_W_FifoMode
                0x0000000008004296       0x32 ./BUILD/NUCLEO_F411RE/GCC_ARM/X_NUCLEO_IKS01A2/Components/LSM303AGR/LSM303AGR_acc_driver.o
                0x0000000008004296                LSM303AGR_ACC_W_FifoMode
 .text.LSM303AGR_ACC_Get_Raw_Acceleration
                0x00000000080042c8       0x34 ./BUILD/NUCLEO_F411RE/GCC_ARM/X_NUCLEO_IKS01A2/Components/LSM303AGR/LSM303AGR_acc_driver.o
                0x00000000080042c8                LSM303AGR_ACC_Get_Raw_Acceleration
 .text.LSM303AGR_ACC_Get_Acceleration
                0x00000000080042fc      0x12c ./BUILD/NUCLEO_F411RE/GCC_ARM/X_NUCLEO_IKS01A2/Components/LSM303AGR/LSM303AGR_acc_driver.o
                0x00000000080042fc                LSM303AGR_ACC_Get_Acceleration
 .text.LSM303AGR_MAG_read_reg
                0x0000000008004428       0x10 ./BUILD/NUCLEO_F411RE/GCC_ARM/X_NUCLEO_IKS01A2/Components/LSM303AGR/LSM303AGR_mag_driver.o
                0x0000000008004428                LSM303AGR_MAG_read_reg
 .text.LSM303AGR_MAG_write_reg
                0x0000000008004438       0x1a ./BUILD/NUCLEO_F411RE/GCC_ARM/X_NUCLEO_IKS01A2/Components/LSM303AGR/LSM303AGR_mag_driver.o
                0x0000000008004438                LSM303AGR_MAG_write_reg
 .text.LSM303AGR_MAG_R_WHO_AM_I
                0x0000000008004452       0x12 ./BUILD/NUCLEO_F411RE/GCC_ARM/X_NUCLEO_IKS01A2/Components/LSM303AGR/LSM303AGR_mag_driver.o
                0x0000000008004452                LSM303AGR_MAG_R_WHO_AM_I
 .text.LSM303AGR_MAG_W_MD
                0x0000000008004464       0x32 ./BUILD/NUCLEO_F411RE/GCC_ARM/X_NUCLEO_IKS01A2/Components/LSM303AGR/LSM303AGR_mag_driver.o
                0x0000000008004464                LSM303AGR_MAG_W_MD
 .text.LSM303AGR_MAG_W_ODR
                0x0000000008004496       0x32 ./BUILD/NUCLEO_F411RE/GCC_ARM/X_NUCLEO_IKS01A2/Components/LSM303AGR/LSM303AGR_mag_driver.o
                0x0000000008004496                LSM303AGR_MAG_W_ODR
 .text.LSM303AGR_MAG_W_ST
                0x00000000080044c8       0x32 ./BUILD/NUCLEO_F411RE/GCC_ARM/X_NUCLEO_IKS01A2/Components/LSM303AGR/LSM303AGR_mag_driver.o
                0x00000000080044c8                LSM303AGR_MAG_W_ST
 .text.LSM303AGR_MAG_W_BDU
                0x00000000080044fa       0x32 ./BUILD/NUCLEO_F411RE/GCC_ARM/X_NUCLEO_IKS01A2/Components/LSM303AGR/LSM303AGR_mag_driver.o
                0x00000000080044fa                LSM303AGR_MAG_W_BDU
 .text.LSM303AGR_MAG_Get_Raw_Magnetic
                0x000000000800452c       0x34 ./BUILD/NUCLEO_F411RE/GCC_ARM/X_NUCLEO_IKS01A2/Components/LSM303AGR/LSM303AGR_mag_driver.o
                0x000000000800452c                LSM303AGR_MAG_Get_Raw_Magnetic
 .text._ZN13LSM6DSLSensor10get_x_axesEPl
                0x0000000008004560       0x7c ./BUILD/NUCLEO_F411RE/GCC_ARM/X_NUCLEO_IKS01A2/Components/LSM6DSL/LSM6DSLSensor.o
                0x0000000008004560                LSM6DSLSensor::get_x_axes(long*)
 .text._ZN13LSM6DSLSensor10get_g_axesEPl
                0x00000000080045dc       0x7c ./BUILD/NUCLEO_F411RE/GCC_ARM/X_NUCLEO_IKS01A2/Components/LSM6DSL/LSM6DSLSensor.o
                0x00000000080045dc                LSM6DSLSensor::get_g_axes(long*)
 .text._ZThn4_N13LSM6DSLSensor10get_g_axesEPl
                0x0000000008004658        0x8 ./BUILD/NUCLEO_F411RE/GCC_ARM/X_NUCLEO_IKS01A2/Components/LSM6DSL/LSM6DSLSensor.o
                0x0000000008004658                non-virtual thunk to LSM6DSLSensor::get_g_axes(long*)
 .text._ZN13LSM6DSLSensor7read_idEPh
                0x0000000008004660       0x14 ./BUILD/NUCLEO_F411RE/GCC_ARM/X_NUCLEO_IKS01A2/Components/LSM6DSL/LSM6DSLSensor.o
                0x0000000008004660                LSM6DSLSensor::read_id(unsigned char*)
 .text._ZThn4_N13LSM6DSLSensor7read_idEPh
                0x0000000008004674        0x8 ./BUILD/NUCLEO_F411RE/GCC_ARM/X_NUCLEO_IKS01A2/Components/LSM6DSL/LSM6DSLSensor.o
                0x0000000008004674                non-virtual thunk to LSM6DSLSensor::read_id(unsigned char*)
 .text._ZN13LSM6DSLSensor17get_x_sensitivityEPf
                0x000000000800467c       0x5c ./BUILD/NUCLEO_F411RE/GCC_ARM/X_NUCLEO_IKS01A2/Components/LSM6DSL/LSM6DSLSensor.o
                0x000000000800467c                LSM6DSLSensor::get_x_sensitivity(float*)
 .text._ZN13LSM6DSLSensor8get_x_fsEPf
                0x00000000080046d8       0x54 ./BUILD/NUCLEO_F411RE/GCC_ARM/X_NUCLEO_IKS01A2/Components/LSM6DSL/LSM6DSLSensor.o
                0x00000000080046d8                LSM6DSLSensor::get_x_fs(float*)
 .text._ZN13LSM6DSLSensor8get_g_fsEPf
                0x000000000800472c       0x7c ./BUILD/NUCLEO_F411RE/GCC_ARM/X_NUCLEO_IKS01A2/Components/LSM6DSL/LSM6DSLSensor.o
                0x000000000800472c                LSM6DSLSensor::get_g_fs(float*)
 .text._ZThn4_N13LSM6DSLSensor8get_g_fsEPf
                0x00000000080047a8        0x8 ./BUILD/NUCLEO_F411RE/GCC_ARM/X_NUCLEO_IKS01A2/Components/LSM6DSL/LSM6DSLSensor.o
                0x00000000080047a8                non-virtual thunk to LSM6DSLSensor::get_g_fs(float*)
 .text._ZN13LSM6DSLSensor14get_x_axes_rawEPs
                0x00000000080047b0       0x48 ./BUILD/NUCLEO_F411RE/GCC_ARM/X_NUCLEO_IKS01A2/Components/LSM6DSL/LSM6DSLSensor.o
                0x00000000080047b0                LSM6DSLSensor::get_x_axes_raw(short*)
 .text._ZN13LSM6DSLSensor14get_g_axes_rawEPs
                0x00000000080047f8       0x48 ./BUILD/NUCLEO_F411RE/GCC_ARM/X_NUCLEO_IKS01A2/Components/LSM6DSL/LSM6DSLSensor.o
                0x00000000080047f8                LSM6DSLSensor::get_g_axes_raw(short*)
 .text._ZThn4_N13LSM6DSLSensor14get_g_axes_rawEPs
                0x0000000008004840        0x8 ./BUILD/NUCLEO_F411RE/GCC_ARM/X_NUCLEO_IKS01A2/Components/LSM6DSL/LSM6DSLSensor.o
                0x0000000008004840                non-virtual thunk to LSM6DSLSensor::get_g_axes_raw(short*)
 .text._ZN13LSM6DSLSensor9get_x_odrEPf
                0x0000000008004848       0xac ./BUILD/NUCLEO_F411RE/GCC_ARM/X_NUCLEO_IKS01A2/Components/LSM6DSL/LSM6DSLSensor.o
                0x0000000008004848                LSM6DSLSensor::get_x_odr(float*)
 .text._ZN13LSM6DSLSensor9get_g_odrEPf
                0x00000000080048f4       0xac ./BUILD/NUCLEO_F411RE/GCC_ARM/X_NUCLEO_IKS01A2/Components/LSM6DSL/LSM6DSLSensor.o
                0x00000000080048f4                LSM6DSLSensor::get_g_odr(float*)
 .text._ZThn4_N13LSM6DSLSensor9get_g_odrEPf
                0x00000000080049a0        0x8 ./BUILD/NUCLEO_F411RE/GCC_ARM/X_NUCLEO_IKS01A2/Components/LSM6DSL/LSM6DSLSensor.o
                0x00000000080049a0                non-virtual thunk to LSM6DSLSensor::get_g_odr(float*)
 .text._ZN13LSM6DSLSensor8set_x_fsEf
                0x00000000080049a8       0x48 ./BUILD/NUCLEO_F411RE/GCC_ARM/X_NUCLEO_IKS01A2/Components/LSM6DSL/LSM6DSLSensor.o
                0x00000000080049a8                LSM6DSLSensor::set_x_fs(float)
 .text._ZN13LSM6DSLSensor4initEPv
                0x00000000080049f0       0x7c ./BUILD/NUCLEO_F411RE/GCC_ARM/X_NUCLEO_IKS01A2/Components/LSM6DSL/LSM6DSLSensor.o
                0x00000000080049f0                LSM6DSLSensor::init(void*)
 .text._ZThn4_N13LSM6DSLSensor4initEPv
                0x0000000008004a6c        0x8 ./BUILD/NUCLEO_F411RE/GCC_ARM/X_NUCLEO_IKS01A2/Components/LSM6DSL/LSM6DSLSensor.o
                0x0000000008004a6c                non-virtual thunk to LSM6DSLSensor::init(void*)
 .text._ZN13LSM6DSLSensor17get_g_sensitivityEPf
                0x0000000008004a74       0x78 ./BUILD/NUCLEO_F411RE/GCC_ARM/X_NUCLEO_IKS01A2/Components/LSM6DSL/LSM6DSLSensor.o
                0x0000000008004a74                LSM6DSLSensor::get_g_sensitivity(float*)
 .text._ZThn4_N13LSM6DSLSensor17get_g_sensitivityEPf
                0x0000000008004aec        0x8 ./BUILD/NUCLEO_F411RE/GCC_ARM/X_NUCLEO_IKS01A2/Components/LSM6DSL/LSM6DSLSensor.o
                0x0000000008004aec                non-virtual thunk to LSM6DSLSensor::get_g_sensitivity(float*)
 .text._ZN13LSM6DSLSensor8set_g_fsEf
                0x0000000008004af4       0x84 ./BUILD/NUCLEO_F411RE/GCC_ARM/X_NUCLEO_IKS01A2/Components/LSM6DSL/LSM6DSLSensor.o
                0x0000000008004af4                LSM6DSLSensor::set_g_fs(float)
 .text._ZThn4_N13LSM6DSLSensor8set_g_fsEf
                0x0000000008004b78        0x8 ./BUILD/NUCLEO_F411RE/GCC_ARM/X_NUCLEO_IKS01A2/Components/LSM6DSL/LSM6DSLSensor.o
                0x0000000008004b78                non-virtual thunk to LSM6DSLSensor::set_g_fs(float)
 .text._ZN13LSM6DSLSensorC2EP6DevI2Ch7PinNameS2_
                0x0000000008004b80       0x64 ./BUILD/NUCLEO_F411RE/GCC_ARM/X_NUCLEO_IKS01A2/Components/LSM6DSL/LSM6DSLSensor.o
                0x0000000008004b80                LSM6DSLSensor::LSM6DSLSensor(DevI2C*, unsigned char, PinName, PinName)
                0x0000000008004b80                LSM6DSLSensor::LSM6DSLSensor(DevI2C*, unsigned char, PinName, PinName)
 .text._ZN13LSM6DSLSensor22set_x_odr_when_enabledEf
                0x0000000008004be4       0xd0 ./BUILD/NUCLEO_F411RE/GCC_ARM/X_NUCLEO_IKS01A2/Components/LSM6DSL/LSM6DSLSensor.o
                0x0000000008004be4                LSM6DSLSensor::set_x_odr_when_enabled(float)
 .text._ZN13LSM6DSLSensor8enable_xEv
                0x0000000008004cb4       0x22 ./BUILD/NUCLEO_F411RE/GCC_ARM/X_NUCLEO_IKS01A2/Components/LSM6DSL/LSM6DSLSensor.o
                0x0000000008004cb4                LSM6DSLSensor::enable_x()
 *fill*         0x0000000008004cd6        0x2 
 .text._ZN13LSM6DSLSensor23set_x_odr_when_disabledEf
                0x0000000008004cd8       0xb4 ./BUILD/NUCLEO_F411RE/GCC_ARM/X_NUCLEO_IKS01A2/Components/LSM6DSL/LSM6DSLSensor.o
                0x0000000008004cd8                LSM6DSLSensor::set_x_odr_when_disabled(float)
 .text._ZN13LSM6DSLSensor9set_x_odrEf
                0x0000000008004d8c       0x1c ./BUILD/NUCLEO_F411RE/GCC_ARM/X_NUCLEO_IKS01A2/Components/LSM6DSL/LSM6DSLSensor.o
                0x0000000008004d8c                LSM6DSLSensor::set_x_odr(float)
 .text._ZN13LSM6DSLSensor22set_g_odr_when_enabledEf
                0x0000000008004da8       0xd0 ./BUILD/NUCLEO_F411RE/GCC_ARM/X_NUCLEO_IKS01A2/Components/LSM6DSL/LSM6DSLSensor.o
                0x0000000008004da8                LSM6DSLSensor::set_g_odr_when_enabled(float)
 .text._ZN13LSM6DSLSensor8enable_gEv
                0x0000000008004e78       0x22 ./BUILD/NUCLEO_F411RE/GCC_ARM/X_NUCLEO_IKS01A2/Components/LSM6DSL/LSM6DSLSensor.o
                0x0000000008004e78                LSM6DSLSensor::enable_g()
 *fill*         0x0000000008004e9a        0x2 
 .text._ZN13LSM6DSLSensor23set_g_odr_when_disabledEf
                0x0000000008004e9c       0xb4 ./BUILD/NUCLEO_F411RE/GCC_ARM/X_NUCLEO_IKS01A2/Components/LSM6DSL/LSM6DSLSensor.o
                0x0000000008004e9c                LSM6DSLSensor::set_g_odr_when_disabled(float)
 .text._ZN13LSM6DSLSensor9set_g_odrEf
                0x0000000008004f50       0x1c ./BUILD/NUCLEO_F411RE/GCC_ARM/X_NUCLEO_IKS01A2/Components/LSM6DSL/LSM6DSLSensor.o
                0x0000000008004f50                LSM6DSLSensor::set_g_odr(float)
 .text._ZThn4_N13LSM6DSLSensor9set_g_odrEf
                0x0000000008004f6c        0x8 ./BUILD/NUCLEO_F411RE/GCC_ARM/X_NUCLEO_IKS01A2/Components/LSM6DSL/LSM6DSLSensor.o
                0x0000000008004f6c                non-virtual thunk to LSM6DSLSensor::set_g_odr(float)
 .text.LSM6DSL_io_write
                0x0000000008004f74       0x46 ./BUILD/NUCLEO_F411RE/GCC_ARM/X_NUCLEO_IKS01A2/Components/LSM6DSL/LSM6DSLSensor.o
                0x0000000008004f74                LSM6DSL_io_write
 .text.LSM6DSL_io_read
                0x0000000008004fba       0x42 ./BUILD/NUCLEO_F411RE/GCC_ARM/X_NUCLEO_IKS01A2/Components/LSM6DSL/LSM6DSLSensor.o
                0x0000000008004fba                LSM6DSL_io_read
 .text._ZN13LSM6DSLSensorD2Ev
                0x0000000008004ffc       0x30 ./BUILD/NUCLEO_F411RE/GCC_ARM/X_NUCLEO_IKS01A2/Components/LSM6DSL/LSM6DSLSensor.o
                0x0000000008004ffc                LSM6DSLSensor::~LSM6DSLSensor()
                0x0000000008004ffc                LSM6DSLSensor::~LSM6DSLSensor()
                0x0000000008005024                non-virtual thunk to LSM6DSLSensor::~LSM6DSLSensor()
 .text._ZN13LSM6DSLSensorD0Ev
                0x000000000800502c       0x18 ./BUILD/NUCLEO_F411RE/GCC_ARM/X_NUCLEO_IKS01A2/Components/LSM6DSL/LSM6DSLSensor.o
                0x000000000800502c                LSM6DSLSensor::~LSM6DSLSensor()
                0x000000000800503e                non-virtual thunk to LSM6DSLSensor::~LSM6DSLSensor()
 .text.LSM6DSL_ACC_GYRO_read_reg
                0x0000000008005044        0xe ./BUILD/NUCLEO_F411RE/GCC_ARM/X_NUCLEO_IKS01A2/Components/LSM6DSL/LSM6DSL_acc_gyro_driver.o
                0x0000000008005044                LSM6DSL_ACC_GYRO_read_reg
 .text.LSM6DSL_ACC_GYRO_write_reg
                0x0000000008005052        0xe ./BUILD/NUCLEO_F411RE/GCC_ARM/X_NUCLEO_IKS01A2/Components/LSM6DSL/LSM6DSL_acc_gyro_driver.o
                0x0000000008005052                LSM6DSL_ACC_GYRO_write_reg
 .text.LSM6DSL_ACC_GYRO_R_WHO_AM_I
                0x0000000008005060       0x14 ./BUILD/NUCLEO_F411RE/GCC_ARM/X_NUCLEO_IKS01A2/Components/LSM6DSL/LSM6DSL_acc_gyro_driver.o
                0x0000000008005060                LSM6DSL_ACC_GYRO_R_WHO_AM_I
 .text.LSM6DSL_ACC_GYRO_W_BDU
                0x0000000008005074       0x3a ./BUILD/NUCLEO_F411RE/GCC_ARM/X_NUCLEO_IKS01A2/Components/LSM6DSL/LSM6DSL_acc_gyro_driver.o
                0x0000000008005074                LSM6DSL_ACC_GYRO_W_BDU
 .text.LSM6DSL_ACC_GYRO_W_FS_XL
                0x00000000080050ae       0x3a ./BUILD/NUCLEO_F411RE/GCC_ARM/X_NUCLEO_IKS01A2/Components/LSM6DSL/LSM6DSL_acc_gyro_driver.o
                0x00000000080050ae                LSM6DSL_ACC_GYRO_W_FS_XL
 .text.LSM6DSL_ACC_GYRO_R_FS_XL
                0x00000000080050e8       0x1c ./BUILD/NUCLEO_F411RE/GCC_ARM/X_NUCLEO_IKS01A2/Components/LSM6DSL/LSM6DSL_acc_gyro_driver.o
                0x00000000080050e8                LSM6DSL_ACC_GYRO_R_FS_XL
 .text.LSM6DSL_ACC_GYRO_GetRawAccData
                0x0000000008005104       0x3a ./BUILD/NUCLEO_F411RE/GCC_ARM/X_NUCLEO_IKS01A2/Components/LSM6DSL/LSM6DSL_acc_gyro_driver.o
                0x0000000008005104                LSM6DSL_ACC_GYRO_GetRawAccData
 .text.LSM6DSL_ACC_GYRO_W_ODR_XL
                0x000000000800513e       0x3a ./BUILD/NUCLEO_F411RE/GCC_ARM/X_NUCLEO_IKS01A2/Components/LSM6DSL/LSM6DSL_acc_gyro_driver.o
                0x000000000800513e                LSM6DSL_ACC_GYRO_W_ODR_XL
 .text.LSM6DSL_ACC_GYRO_R_ODR_XL
                0x0000000008005178       0x1c ./BUILD/NUCLEO_F411RE/GCC_ARM/X_NUCLEO_IKS01A2/Components/LSM6DSL/LSM6DSL_acc_gyro_driver.o
                0x0000000008005178                LSM6DSL_ACC_GYRO_R_ODR_XL
 .text.LSM6DSL_ACC_GYRO_W_FS_G
                0x0000000008005194       0x3a ./BUILD/NUCLEO_F411RE/GCC_ARM/X_NUCLEO_IKS01A2/Components/LSM6DSL/LSM6DSL_acc_gyro_driver.o
                0x0000000008005194                LSM6DSL_ACC_GYRO_W_FS_G
 .text.LSM6DSL_ACC_GYRO_R_FS_G
                0x00000000080051ce       0x1c ./BUILD/NUCLEO_F411RE/GCC_ARM/X_NUCLEO_IKS01A2/Components/LSM6DSL/LSM6DSL_acc_gyro_driver.o
                0x00000000080051ce                LSM6DSL_ACC_GYRO_R_FS_G
 .text.LSM6DSL_ACC_GYRO_GetRawGyroData
                0x00000000080051ea       0x3a ./BUILD/NUCLEO_F411RE/GCC_ARM/X_NUCLEO_IKS01A2/Components/LSM6DSL/LSM6DSL_acc_gyro_driver.o
                0x00000000080051ea                LSM6DSL_ACC_GYRO_GetRawGyroData
 .text.LSM6DSL_ACC_GYRO_W_ODR_G
                0x0000000008005224       0x3a ./BUILD/NUCLEO_F411RE/GCC_ARM/X_NUCLEO_IKS01A2/Components/LSM6DSL/LSM6DSL_acc_gyro_driver.o